[
  {
    "AdvertiserName": "Advertiser1",
    "IsciPlans": [
      {
        "DaypartsString": "EN",
        "DemoString": "HH",
        "FlightString": "07/15-08/22/2021",
        "Id": 221,
        "Iscis": [],
        "ProductName": "TestProduct1",
        "SpotLengthsString": ":30",
        "Title": "Colgate Early Morning Upfront"
      },
      {
        "DaypartsString": "EN",
        "DemoString": "HH",
        "FlightString": "08/20-08/28/2021",
        "Id": 220,
        "Iscis": [],
        "ProductName": "TestProduct1",
        "SpotLengthsString": ":15",
        "Title": "Colgate Daytime Upfront"
      }
    ]
  },
  {
    "AdvertiserName": "Advertiser2",
    "IsciPlans": [
      {
        "DaypartsString": "EN, PMN, LN",
        "DemoString": "HH",
        "FlightString": "08/29-08/31/2021",
        "Id": 219,
        "Iscis": [],
        "ProductName": "TestProduct1",
        "SpotLengthsString": ":15, :30",
        "Title": "Wellcare CBS Shows"
      }
    ]
  }
]