[
  {
    "contract": [
      {
        "cpm_goal": 80.00,
        "daypart_weighting": [
          {
            "daypart_goal": 0.6,
            "daypart_id": 1
          },
          {
            "daypart_goal": 0.4,
            "daypart_id": 2
          }
        ],
        "frequency_cap_spots": 10,
        "frequency_cap_time": 1.0,
        "frequency_cap_unit": "day",
        "impression_goal": 150.0,
        "market_coverage_goal": 0.8,
        "share_of_voice": [
          {
            "market_code": 403,
            "market_goal": 0.0004743
          },
          {
            "market_code": 202,
            "market_goal": 0.0002942
          },
          {
            "market_code": 102,
            "market_goal": 0.13
          }
        ],
        "week_id": 100
      },
      {
        "cpm_goal": 48.000,
        "daypart_weighting": [
          {
            "daypart_goal": 0.6,
            "daypart_id": 1
          },
          {
            "daypart_goal": 0.4,
            "daypart_id": 2
          }
        ],
        "frequency_cap_spots": 10,
        "frequency_cap_time": 1.0,
        "frequency_cap_unit": "day",
        "impression_goal": 250.0,
        "market_coverage_goal": 0.8,
        "share_of_voice": [
          {
            "market_code": 403,
            "market_goal": 0.0004743
          },
          {
            "market_code": 202,
            "market_goal": 0.0002942
          },
          {
            "market_code": 102,
            "market_goal": 0.13
          }
        ],
        "week_id": 101
      },
      {
        "cpm_goal": 120.00,
        "daypart_weighting": [
          {
            "daypart_goal": 0.6,
            "daypart_id": 1
          },
          {
            "daypart_goal": 0.4,
            "daypart_id": 2
          }
        ],
        "frequency_cap_spots": 10,
        "frequency_cap_time": 1.0,
        "frequency_cap_unit": "day",
        "impression_goal": 100.0,
        "market_coverage_goal": 0.8,
        "share_of_voice": [
          {
            "market_code": 403,
            "market_goal": 0.0004743
          },
          {
            "market_code": 202,
            "market_goal": 0.0002942
          },
          {
            "market_code": 102,
            "market_goal": 0.13
          }
        ],
        "week_id": 102
      }
    ],
    "inventory": [
      {
        "cost": 50.0,
        "daypart_id": 15,
        "id": 1,
        "impressions": 1000.0,
        "market_code": 101,
        "percentage_of_us": 0.00101,
        "spot_days": 1,
        "spot_hours": 1.0,
        "station_id": 5,
        "week_id": 100
      },
      {
        "cost": 50.0,
        "daypart_id": 15,
        "id": 1,
        "impressions": 1000.0,
        "market_code": 101,
        "percentage_of_us": 0.00101,
        "spot_days": 1,
        "spot_hours": 1.0,
        "station_id": 5,
        "week_id": 101
      },
      {
        "cost": 50.0,
        "daypart_id": 15,
        "id": 1,
        "impressions": 1000.0,
        "market_code": 101,
        "percentage_of_us": 0.00101,
        "spot_days": 1,
        "spot_hours": 1.0,
        "station_id": 5,
        "week_id": 102
      },
      {
        "cost": 60.0,
        "daypart_id": 16,
        "id": 2,
        "impressions": 1500.0,
        "market_code": 100,
        "percentage_of_us": 0.001,
        "spot_days": 2,
        "spot_hours": 2.0,
        "station_id": 6,
        "week_id": 100
      }
    ]
  }
]