{
  "Budget": null,
  "CampaignId": 666,
  "CampaignStatus": null,
  "ComponentsModified": null,
  "CPM": null,
  "FlightActiveDays": 30,
  "FlightEndDate": "2019-08-30T00:00:00",
  "FlightHiatusDays": 0,
  "FlightStartDate": "2019-08-01T00:00:00",
  "Impressions": null,
  "LastAggregated": null,
  "PlanStatusCountClientApproval": null,
  "PlanStatusCountComplete": null,
  "PlanStatusCountContracted": null,
  "PlanStatusCountLive": null,
  "PlanStatusCountReserved": null,
  "PlanStatusCountWorking": null,
  "ProcessingErrorMessage": null,
  "ProcessingStatus": 0,
  "QueuedAt": "0001-01-01T00:00:00",
  "QueuedBy": null,
  "Rating": null
}