{
  "Budget": 1500.0,
  "CampaignId": 666,
  "CampaignStatus": 4,
  "ComponentsModified": "2019-08-28T12:30:32",
  "FlightActiveDays": 26,
  "FlightEndDate": "2019-08-30T00:00:00",
  "FlightHiatusDays": 4,
  "FlightStartDate": "2019-08-01T00:00:00",
  "HHCPM": 75.000,
  "HHImpressions": 20000.0,
  "HHRatingPoints": 52.0,
  "LastAggregated": null,
  "PlanStatusCountCanceled": 0,
  "PlanStatusCountClientApproval": 1,
  "PlanStatusCountComplete": 0,
  "PlanStatusCountContracted": 1,
  "PlanStatusCountLive": 0,
  "PlanStatusCountRejected": 0,
  "PlanStatusCountReserved": 0,
  "PlanStatusCountScenario": 0,
  "PlanStatusCountWorking": 0,
  "ProcessingErrorMessage": null,
  "ProcessingStatus": 0,
  "QueuedAt": "0001-01-01T00:00:00",
  "QueuedBy": null
}