{
  "AgencyName": "Stub Agency",
  "CampaignEndQuarter": "Q1'20",
  "CampaignFlightEndDate": "03/29/20",
  "CampaignFlightStartDate": "03/09/20",
  "CampaignName": "Campaign with all types of plans",
  "CampaignStartQuarter": "Q1'20",
  "ClientName": "Stub Advertiser",
  "ContractQuarterTables": [],
  "ContractTotals": [],
  "DaypartsData": [
    {
      "DaypartCode": "EF",
      "DaypartCodeId": 6,
      "EndTime": "06:00pm",
      "FlightDays": "M-SU",
      "GenreRestrictions": [],
      "ProgramRestrictions": [],
      "StartTime": "03:00pm"
    }
  ],
  "FlightHiatuses": [
    "3/16-3/22/20"
  ],
  "FlowChartQuarterTables": [
    {
      "CostValues": [
        0.0,
        0.0,
        0.0,
        0.0,
        0.0,
        0.0,
        0.0,
        0.0,
        0.0,
        0.0,
        111050.2489,
        0.0000,
        110949.7510,
        221999.9999
      ],
      "CPMValues": [
        0.0,
        0.0,
        0.0,
        0.0,
        0.0,
        0.0,
        0.0,
        0.0,
        0.0,
        0.0,
        100.49796280542986425339366516,
        0.0,
        100.49796286231884057971014493,
        100.49796283386147578089633318
      ],
      "DaypartCode": "EF",
      "DistributionPercentages": [
        0.0,
        0.0,
        0.0,
        0.0,
        0.0,
        0.0,
        0.0,
        0.0,
        0.0,
        0.0,
        0.50022635,
        0.0,
        0.49977365,
        1.0
      ],
      "HiatusDays": [
        [],
        [],
        [],
        [],
        [],
        [],
        [],
        [],
        [],
        [],
        [],
        [
          "2020-03-16T00:00:00",
          "2020-03-17T00:00:00",
          "2020-03-18T00:00:00",
          "2020-03-19T00:00:00",
          "2020-03-20T00:00:00",
          "2020-03-21T00:00:00",
          "2020-03-22T00:00:00"
        ],
        []
      ],
      "HiatusDaysFormattedValues": [
        "",
        "",
        "",
        "",
        "",
        "",
        "",
        "",
        "",
        "",
        "",
        "3/16-22",
        "",
        7
      ],
      "ImpressionsValues": [
        0.0,
        0.0,
        0.0,
        0.0,
        0.0,
        0.0,
        0.0,
        0.0,
        0.0,
        0.0,
        1105.0,
        0.0,
        1104.0,
        2209.0
      ],
      "Months": [
        {
          "Item1": "January",
          "Item2": 4
        },
        {
          "Item1": "February",
          "Item2": 4
        },
        {
          "Item1": "March",
          "Item2": 5
        }
      ],
      "QuarterLabel": "1Q '20",
      "TableTitle": "1Q '20 EF :30s",
      "TotalWeeksInQuarter": 13,
      "UnitsValues": [
        0.0,
        0.0,
        0.0,
        0.0,
        0.0,
        0.0,
        0.0,
        0.0,
        0.0,
        0.0,
        0.5525,
        0.0,
        0.552,
        1.1045
      ],
      "WeeksStartDate": [
        "2019-12-30T00:00:00",
        "2020-01-06T00:00:00",
        "2020-01-13T00:00:00",
        "2020-01-20T00:00:00",
        "2020-01-27T00:00:00",
        "2020-02-03T00:00:00",
        "2020-02-10T00:00:00",
        "2020-02-17T00:00:00",
        "2020-02-24T00:00:00",
        "2020-03-02T00:00:00",
        "2020-03-09T00:00:00",
        "2020-03-16T00:00:00",
        "2020-03-23T00:00:00"
      ]
    },
    {
      "CostValues": [
        0.0,
        0.0,
        0.0,
        0.0,
        0.0,
        0.0,
        0.0,
        0.0,
        0.0,
        0.0,
        111050.2489,
        0.0000,
        110949.7510,
        221999.9999
      ],
      "CPMValues": [
        0.0,
        0.0,
        0.0,
        0.0,
        0.0,
        0.0,
        0.0,
        0.0,
        0.0,
        0.0,
        100.49796280542986425339366516,
        0.0,
        100.49796286231884057971014493,
        100.49796283386147578089633318
      ],
      "DaypartCode": null,
      "DistributionPercentages": [
        0.0,
        0.0,
        0.0,
        0.0,
        0.0,
        0.0,
        0.0,
        0.0,
        0.0,
        0.0,
        0.50022635,
        0.0,
        0.49977365,
        1.0
      ],
      "HiatusDays": [
        [],
        [],
        [],
        [],
        [],
        [],
        [],
        [],
        [],
        [],
        [],
        [
          "2020-03-16T00:00:00",
          "2020-03-17T00:00:00",
          "2020-03-18T00:00:00",
          "2020-03-19T00:00:00",
          "2020-03-20T00:00:00",
          "2020-03-21T00:00:00",
          "2020-03-22T00:00:00"
        ],
        []
      ],
      "HiatusDaysFormattedValues": [
        "",
        "",
        "",
        "",
        "",
        "",
        "",
        "",
        "",
        "",
        "",
        "3/16-22",
        "",
        7
      ],
      "ImpressionsValues": [
        0.0,
        0.0,
        0.0,
        0.0,
        0.0,
        0.0,
        0.0,
        0.0,
        0.0,
        0.0,
        1105.0,
        0.0,
        1104.0,
        2209.0
      ],
      "Months": [
        {
          "Item1": "January",
          "Item2": 4
        },
        {
          "Item1": "February",
          "Item2": 4
        },
        {
          "Item1": "March",
          "Item2": 5
        }
      ],
      "QuarterLabel": null,
      "TableTitle": "1Q '20 EF Total",
      "TotalWeeksInQuarter": 13,
      "UnitsValues": [
        0.0,
        0.0,
        0.0,
        0.0,
        0.0,
        0.0,
        0.0,
        0.0,
        0.0,
        0.0,
        0.5525,
        0.0,
        0.552,
        1.1045
      ],
      "WeeksStartDate": [
        "2019-12-30T00:00:00",
        "2020-01-06T00:00:00",
        "2020-01-13T00:00:00",
        "2020-01-20T00:00:00",
        "2020-01-27T00:00:00",
        "2020-02-03T00:00:00",
        "2020-02-10T00:00:00",
        "2020-02-17T00:00:00",
        "2020-02-24T00:00:00",
        "2020-03-02T00:00:00",
        "2020-03-09T00:00:00",
        "2020-03-16T00:00:00",
        "2020-03-23T00:00:00"
      ]
    },
    {
      "CostValues": [
        0.0,
        0.0,
        0.0,
        0.0,
        0.0,
        0.0,
        0.0,
        0.0,
        0.0,
        0.0,
        111050.2489,
        0.0000,
        110949.7510,
        221999.9999
      ],
      "CPMValues": [
        0.0,
        0.0,
        0.0,
        0.0,
        0.0,
        0.0,
        0.0,
        0.0,
        0.0,
        0.0,
        100.49796280542986425339366516,
        0.0,
        100.49796286231884057971014493,
        100.49796283386147578089633318
      ],
      "DaypartCode": null,
      "DistributionPercentages": [
        0.0,
        0.0,
        0.0,
        0.0,
        0.0,
        0.0,
        0.0,
        0.0,
        0.0,
        0.0,
        0.50022635,
        0.0,
        0.49977365,
        1.0
      ],
      "HiatusDays": [],
      "HiatusDaysFormattedValues": [
        null
      ],
      "ImpressionsValues": [
        0.0,
        0.0,
        0.0,
        0.0,
        0.0,
        0.0,
        0.0,
        0.0,
        0.0,
        0.0,
        1105.0,
        0.0,
        1104.0,
        2209.0
      ],
      "Months": [
        {
          "Item1": "January",
          "Item2": 4
        },
        {
          "Item1": "February",
          "Item2": 4
        },
        {
          "Item1": "March",
          "Item2": 5
        }
      ],
      "QuarterLabel": null,
      "TableTitle": "1Q '20 Summary",
      "TotalWeeksInQuarter": 13,
      "UnitsValues": [
        0.0,
        0.0,
        0.0,
        0.0,
        0.0,
        0.0,
        0.0,
        0.0,
        0.0,
        0.0,
        0.5525,
        0.0,
        0.552,
        1.1045
      ],
      "WeeksStartDate": [
        "2019-12-30T00:00:00",
        "2020-01-06T00:00:00",
        "2020-01-13T00:00:00",
        "2020-01-20T00:00:00",
        "2020-01-27T00:00:00",
        "2020-02-03T00:00:00",
        "2020-02-10T00:00:00",
        "2020-02-17T00:00:00",
        "2020-02-24T00:00:00",
        "2020-03-02T00:00:00",
        "2020-03-09T00:00:00",
        "2020-03-16T00:00:00",
        "2020-03-23T00:00:00"
      ]
    }
  ],
  "GuaranteedDemo": [
    "HH"
  ],
  "HasSecondaryAudiences": false,
  "MarketCoverageData": {
    "BlackoutMarketsName": [],
    "CoveragePercentage": 80.0,
    "PreferentialMarketsName": []
  },
  "Notes": "All CPMs are derived from 100% broadcast deliveries, no cable unless otherwise noted.",
  "PostingType": "NTI",
  "ProposalCampaignTotalsTable": {
    "HasSecondaryAudiences": false,
    "QuarterLabel": "Campaign Totals",
    "Rows": [
      {
        "DaypartCode": "EF",
        "GuaranteedData": {
          "CPM": 100.49796283386147578089633318,
          "CPP": 123333.33327777777777777777778,
          "DaypartCode": null,
          "Impressions": 2000.0,
          "RatingPoints": 1.6296967,
          "SpotLengthLabel": null,
          "TotalImpressions": 2209.0,
          "TotalRatingPoints": 1.8,
          "VPVH": 1.0
        },
        "HHData": {
          "CPM": 100.49796283386147578089633318,
          "CPP": 123333.33327777777777777777778,
          "DaypartCode": null,
          "Impressions": 2000.0,
          "RatingPoints": 1.6296967,
          "SpotLengthLabel": null,
          "TotalImpressions": 2209.0,
          "TotalRatingPoints": 1.8,
          "VPVH": 0.0
        },
        "SpotLengthLabel": "30",
        "TotalCost": 221999.9999,
        "Units": 1.1045,
        "UnitsCost": 200995.92566772295156179266636
      }
    ],
    "SecondaryAudiencesTables": [],
    "TotalRow": {
      "DaypartCode": null,
      "GuaranteedData": {
        "CPM": 100.49796283386147578089633318,
        "CPP": 123333.33327777777777777777778,
        "DaypartCode": null,
        "Impressions": 0.0,
        "RatingPoints": 0.0,
        "SpotLengthLabel": null,
        "TotalImpressions": 2209.0,
        "TotalRatingPoints": 1.8,
        "VPVH": 0.0
      },
      "HHData": {
        "CPM": 100.49796283386147578089633318,
        "CPP": 123333.33327777777777777777778,
        "DaypartCode": null,
        "Impressions": 0.0,
        "RatingPoints": 0.0,
        "SpotLengthLabel": null,
        "TotalImpressions": 2209.0,
        "TotalRatingPoints": 1.8,
        "VPVH": 0.0
      },
      "SpotLengthLabel": null,
      "TotalCost": 221999.9999,
      "Units": 1.1045,
      "UnitsCost": 0.0
    }
  },
  "ProposalQuarterTables": [
    {
      "HasSecondaryAudiences": false,
      "QuarterLabel": "Q1 2020",
      "Rows": [
        {
          "DaypartCode": "EF",
          "GuaranteedData": {
            "CPM": 100.49796283386147578089633318,
            "CPP": 123333.33327777777777777777778,
            "DaypartCode": null,
            "Impressions": 2000.0,
            "RatingPoints": 1.6296967,
            "SpotLengthLabel": null,
            "TotalImpressions": 2209.0,
            "TotalRatingPoints": 1.8,
            "VPVH": 1.0
          },
          "HHData": {
            "CPM": 100.49796283386147578089633318,
            "CPP": 123333.33327777777777777777778,
            "DaypartCode": null,
            "Impressions": 2000.0,
            "RatingPoints": 1.6296967,
            "SpotLengthLabel": null,
            "TotalImpressions": 2209.0,
            "TotalRatingPoints": 1.8,
            "VPVH": 0.0
          },
          "SpotLengthLabel": "30",
          "TotalCost": 221999.9999,
          "Units": 1.1045,
          "UnitsCost": 200995.92566772295156179266636
        }
      ],
      "SecondaryAudiencesTables": [],
      "TotalRow": {
        "DaypartCode": null,
        "GuaranteedData": {
          "CPM": 100.49796283386147578089633318,
          "CPP": 123333.33327777777777777777778,
          "DaypartCode": null,
          "Impressions": 0.0,
          "RatingPoints": 0.0,
          "SpotLengthLabel": null,
          "TotalImpressions": 2209.0,
          "TotalRatingPoints": 1.8,
          "VPVH": 0.0
        },
        "HHData": {
          "CPM": 100.49796283386147578089633318,
          "CPP": 123333.33327777777777777777778,
          "DaypartCode": null,
          "Impressions": 0.0,
          "RatingPoints": 0.0,
          "SpotLengthLabel": null,
          "TotalImpressions": 2209.0,
          "TotalRatingPoints": 1.8,
          "VPVH": 0.0
        },
        "SpotLengthLabel": null,
        "TotalCost": 221999.9999,
        "Units": 1.1045,
        "UnitsCost": 0.0
      }
    }
  ],
  "SpotLengths": [
    ":30"
  ],
  "Status": "Proposal"
}