{
  "AgencyName": "Agency1",
  "CampaignEndQuarter": "Q1'24",
  "CampaignFlightEndDate": "03/31/24",
  "CampaignFlightStartDate": "03/30/20",
  "CampaignName": "Campaign with all types of plans",
  "CampaignStartQuarter": "Q2'20",
  "ClientName": "Advertiser1",
  "ContractQuarterTables": [],
  "ContractTotals": [],
  "DaypartsData": [
    {
      "DaypartCode": "EMN",
      "DaypartCodeId": 1,
      "EndTime": "10:00am",
      "FlightDays": "M-F",
      "GenreRestrictions": [
        {
          "ContainType": 1,
          "PlanId": 2190,
          "Restrictions": [
            "News"
          ]
        }
      ],
      "ProgramRestrictions": [],
      "StartTime": "04:00am"
    },
    {
      "DaypartCode": "ENLN",
      "DaypartCodeId": 5,
      "EndTime": "12:05am",
      "FlightDays": "M-F",
      "GenreRestrictions": [],
      "ProgramRestrictions": [],
      "StartTime": "04:00pm"
    },
    {
      "DaypartCode": "PMN",
      "DaypartCodeId": 16,
      "EndTime": "12:05am",
      "FlightDays": "M-F",
      "GenreRestrictions": [
        {
          "ContainType": 1,
          "PlanId": 2190,
          "Restrictions": [
            "News"
          ]
        }
      ],
      "ProgramRestrictions": [],
      "StartTime": "01:00pm"
    }
  ],
  "FlightHiatuses": [],
  "FlowChartQuarterTables": [
    {
      "CostValues": [
        0.0,
        1104.0000,
        1089.6000,
        1089.6000,
        1089.6000,
        1089.6000,
        1089.6000,
        1089.6000,
        1089.6000,
        1089.6000,
        1089.6000,
        1089.6000,
        0.0,
        0.0,
        12000.0000
      ],
      "CPMValues": [
        0.0,
        2.4000,
        2.4000,
        2.4000,
        2.4000,
        2.4000,
        2.4000,
        2.4000,
        2.4000,
        2.4000,
        2.4000,
        2.4000,
        0.0,
        0.0,
        2.4000
      ],
      "DaypartCode": "ENLN",
      "DistributionPercentages": [
        0.0,
        0.023,
        0.0227,
        0.0227,
        0.0227,
        0.0227,
        0.0227,
        0.0227,
        0.0227,
        0.0227,
        0.0227,
        0.0227,
        0.0,
        0.0,
        0.25
      ],
      "HiatusDays": [
        [],
        [],
        [],
        [],
        [],
        [],
        [],
        [],
        [],
        [],
        [],
        [],
        [],
        []
      ],
      "HiatusDaysFormattedValues": [
        "",
        "",
        "",
        "",
        "",
        "",
        "",
        "",
        "",
        "",
        "",
        "",
        "",
        "",
        null
      ],
      "ImpressionsValues": [
        0.0,
        460.0,
        454.0,
        454.0,
        454.0,
        454.0,
        454.0,
        454.0,
        454.0,
        454.0,
        454.0,
        454.0,
        0.0,
        0.0,
        5000.0
      ],
      "Months": [
        {
          "Item1": "October",
          "Item2": 5
        },
        {
          "Item1": "November",
          "Item2": 4
        },
        {
          "Item1": "December",
          "Item2": 5
        }
      ],
      "QuarterLabel": "4Q '23",
      "TableTitle": "4Q '23 ENLN :30s",
      "TotalWeeksInQuarter": 14,
      "UnitsValues": [
        0.0,
        0.184,
        0.1816,
        0.1816,
        0.1816,
        0.1816,
        0.1816,
        0.1816,
        0.1816,
        0.1816,
        0.1816,
        0.1816,
        0.0,
        0.0,
        2.0
      ],
      "WeeksStartDate": [
        "2023-09-25T00:00:00",
        "2023-10-02T00:00:00",
        "2023-10-09T00:00:00",
        "2023-10-16T00:00:00",
        "2023-10-23T00:00:00",
        "2023-10-30T00:00:00",
        "2023-11-06T00:00:00",
        "2023-11-13T00:00:00",
        "2023-11-20T00:00:00",
        "2023-11-27T00:00:00",
        "2023-12-04T00:00:00",
        "2023-12-11T00:00:00",
        "2023-12-18T00:00:00",
        "2023-12-25T00:00:00"
      ]
    },
    {
      "CostValues": [
        0.0,
        1104.0000,
        1089.6000,
        1089.6000,
        1089.6000,
        1089.6000,
        1089.6000,
        1089.6000,
        1089.6000,
        1089.6000,
        1089.6000,
        1089.6000,
        0.0,
        0.0,
        12000.0000
      ],
      "CPMValues": [
        0.0,
        2.4000,
        2.4000,
        2.4000,
        2.4000,
        2.4000,
        2.4000,
        2.4000,
        2.4000,
        2.4000,
        2.4000,
        2.4000,
        0.0,
        0.0,
        2.4000
      ],
      "DaypartCode": null,
      "DistributionPercentages": [
        0.0,
        0.023,
        0.0227,
        0.0227,
        0.0227,
        0.0227,
        0.0227,
        0.0227,
        0.0227,
        0.0227,
        0.0227,
        0.0227,
        0.0,
        0.0,
        0.25
      ],
      "HiatusDays": [
        [],
        [],
        [],
        [],
        [],
        [],
        [],
        [],
        [],
        [],
        [],
        [],
        [],
        []
      ],
      "HiatusDaysFormattedValues": [
        "",
        "",
        "",
        "",
        "",
        "",
        "",
        "",
        "",
        "",
        "",
        "",
        "",
        "",
        null
      ],
      "ImpressionsValues": [
        0.0,
        460.0,
        454.0,
        454.0,
        454.0,
        454.0,
        454.0,
        454.0,
        454.0,
        454.0,
        454.0,
        454.0,
        0.0,
        0.0,
        5000.0
      ],
      "Months": [
        {
          "Item1": "October",
          "Item2": 5
        },
        {
          "Item1": "November",
          "Item2": 4
        },
        {
          "Item1": "December",
          "Item2": 5
        }
      ],
      "QuarterLabel": null,
      "TableTitle": "4Q '23 ENLN Total",
      "TotalWeeksInQuarter": 14,
      "UnitsValues": [
        0.0,
        0.184,
        0.1816,
        0.1816,
        0.1816,
        0.1816,
        0.1816,
        0.1816,
        0.1816,
        0.1816,
        0.1816,
        0.1816,
        0.0,
        0.0,
        2.0
      ],
      "WeeksStartDate": [
        "2023-09-25T00:00:00",
        "2023-10-02T00:00:00",
        "2023-10-09T00:00:00",
        "2023-10-16T00:00:00",
        "2023-10-23T00:00:00",
        "2023-10-30T00:00:00",
        "2023-11-06T00:00:00",
        "2023-11-13T00:00:00",
        "2023-11-20T00:00:00",
        "2023-11-27T00:00:00",
        "2023-12-04T00:00:00",
        "2023-12-11T00:00:00",
        "2023-12-18T00:00:00",
        "2023-12-25T00:00:00"
      ]
    },
    {
      "CostValues": [
        0.0,
        1104.0000,
        1089.6000,
        1089.6000,
        1089.6000,
        1089.6000,
        1089.6000,
        1089.6000,
        1089.6000,
        1089.6000,
        1089.6000,
        1089.6000,
        0.0,
        0.0,
        12000.0000
      ],
      "CPMValues": [
        0.0,
        2.4000,
        2.4000,
        2.4000,
        2.4000,
        2.4000,
        2.4000,
        2.4000,
        2.4000,
        2.4000,
        2.4000,
        2.4000,
        0.0,
        0.0,
        2.4000
      ],
      "DaypartCode": null,
      "DistributionPercentages": [
        0.0,
        0.023,
        0.0227,
        0.0227,
        0.0227,
        0.0227,
        0.0227,
        0.0227,
        0.0227,
        0.0227,
        0.0227,
        0.0227,
        0.0,
        0.0,
        0.25
      ],
      "HiatusDays": [
        [],
        [],
        [],
        [],
        [],
        [],
        [],
        [],
        [],
        [],
        [],
        [],
        [],
        []
      ],
      "HiatusDaysFormattedValues": [
        "",
        "",
        "",
        "",
        "",
        "",
        "",
        "",
        "",
        "",
        "",
        "",
        "",
        ""
      ],
      "ImpressionsValues": [
        0.0,
        460.0,
        454.0,
        454.0,
        454.0,
        454.0,
        454.0,
        454.0,
        454.0,
        454.0,
        454.0,
        454.0,
        0.0,
        0.0,
        5000.0
      ],
      "Months": [
        {
          "Item1": "October",
          "Item2": 5
        },
        {
          "Item1": "November",
          "Item2": 4
        },
        {
          "Item1": "December",
          "Item2": 5
        }
      ],
      "QuarterLabel": null,
      "TableTitle": "4Q '23 Summary",
      "TotalWeeksInQuarter": 14,
      "UnitsValues": [
        0.0,
        0.184,
        0.1816,
        0.1816,
        0.1816,
        0.1816,
        0.1816,
        0.1816,
        0.1816,
        0.1816,
        0.1816,
        0.1816,
        0.0,
        0.0,
        2.0
      ],
      "WeeksStartDate": [
        "2023-09-25T00:00:00",
        "2023-10-02T00:00:00",
        "2023-10-09T00:00:00",
        "2023-10-16T00:00:00",
        "2023-10-23T00:00:00",
        "2023-10-30T00:00:00",
        "2023-11-06T00:00:00",
        "2023-11-13T00:00:00",
        "2023-11-20T00:00:00",
        "2023-11-27T00:00:00",
        "2023-12-04T00:00:00",
        "2023-12-11T00:00:00",
        "2023-12-18T00:00:00",
        "2023-12-25T00:00:00"
      ]
    },
    {
      "CostValues": [
        940.8000,
        921.6000,
        921.6000,
        921.6000,
        921.6000,
        921.6000,
        921.6000,
        921.6000,
        921.6000,
        921.6000,
        921.6000,
        921.6000,
        921.6000,
        12000.0000
      ],
      "CPMValues": [
        2.4000,
        2.4000,
        2.4000,
        2.4000,
        2.4000,
        2.4000,
        2.4000,
        2.4000,
        2.4000,
        2.4000,
        2.4000,
        2.4000,
        2.4000,
        2.4000
      ],
      "DaypartCode": "ENLN",
      "DistributionPercentages": [
        0.0196,
        0.0192,
        0.0192,
        0.0192,
        0.0192,
        0.0192,
        0.0192,
        0.0192,
        0.0192,
        0.0192,
        0.0192,
        0.0192,
        0.0192,
        0.25
      ],
      "HiatusDays": [
        [],
        [],
        [],
        [],
        [],
        [],
        [],
        [],
        [],
        [],
        [],
        [],
        []
      ],
      "HiatusDaysFormattedValues": [
        "",
        "",
        "",
        "",
        "",
        "",
        "",
        "",
        "",
        "",
        "",
        "",
        "",
        null
      ],
      "ImpressionsValues": [
        392.0,
        384.0,
        384.0,
        384.0,
        384.0,
        384.0,
        384.0,
        384.0,
        384.0,
        384.0,
        384.0,
        384.0,
        384.0,
        5000.0
      ],
      "Months": [
        {
          "Item1": "January",
          "Item2": 4
        },
        {
          "Item1": "February",
          "Item2": 4
        },
        {
          "Item1": "March",
          "Item2": 5
        }
      ],
      "QuarterLabel": "1Q '24",
      "TableTitle": "1Q '24 ENLN :30s",
      "TotalWeeksInQuarter": 13,
      "UnitsValues": [
        0.1568,
        0.1536,
        0.1536,
        0.1536,
        0.1536,
        0.1536,
        0.1536,
        0.1536,
        0.1536,
        0.1536,
        0.1536,
        0.1536,
        0.1536,
        2.0
      ],
      "WeeksStartDate": [
        "2024-01-01T00:00:00",
        "2024-01-08T00:00:00",
        "2024-01-15T00:00:00",
        "2024-01-22T00:00:00",
        "2024-01-29T00:00:00",
        "2024-02-05T00:00:00",
        "2024-02-12T00:00:00",
        "2024-02-19T00:00:00",
        "2024-02-26T00:00:00",
        "2024-03-04T00:00:00",
        "2024-03-11T00:00:00",
        "2024-03-18T00:00:00",
        "2024-03-25T00:00:00"
      ]
    },
    {
      "CostValues": [
        940.8000,
        921.6000,
        921.6000,
        921.6000,
        921.6000,
        921.6000,
        921.6000,
        921.6000,
        921.6000,
        921.6000,
        921.6000,
        921.6000,
        921.6000,
        12000.0000
      ],
      "CPMValues": [
        2.4000,
        2.4000,
        2.4000,
        2.4000,
        2.4000,
        2.4000,
        2.4000,
        2.4000,
        2.4000,
        2.4000,
        2.4000,
        2.4000,
        2.4000,
        2.4000
      ],
      "DaypartCode": null,
      "DistributionPercentages": [
        0.0196,
        0.0192,
        0.0192,
        0.0192,
        0.0192,
        0.0192,
        0.0192,
        0.0192,
        0.0192,
        0.0192,
        0.0192,
        0.0192,
        0.0192,
        0.25
      ],
      "HiatusDays": [
        [],
        [],
        [],
        [],
        [],
        [],
        [],
        [],
        [],
        [],
        [],
        [],
        []
      ],
      "HiatusDaysFormattedValues": [
        "",
        "",
        "",
        "",
        "",
        "",
        "",
        "",
        "",
        "",
        "",
        "",
        "",
        null
      ],
      "ImpressionsValues": [
        392.0,
        384.0,
        384.0,
        384.0,
        384.0,
        384.0,
        384.0,
        384.0,
        384.0,
        384.0,
        384.0,
        384.0,
        384.0,
        5000.0
      ],
      "Months": [
        {
          "Item1": "January",
          "Item2": 4
        },
        {
          "Item1": "February",
          "Item2": 4
        },
        {
          "Item1": "March",
          "Item2": 5
        }
      ],
      "QuarterLabel": null,
      "TableTitle": "1Q '24 ENLN Total",
      "TotalWeeksInQuarter": 13,
      "UnitsValues": [
        0.1568,
        0.1536,
        0.1536,
        0.1536,
        0.1536,
        0.1536,
        0.1536,
        0.1536,
        0.1536,
        0.1536,
        0.1536,
        0.1536,
        0.1536,
        2.0
      ],
      "WeeksStartDate": [
        "2024-01-01T00:00:00",
        "2024-01-08T00:00:00",
        "2024-01-15T00:00:00",
        "2024-01-22T00:00:00",
        "2024-01-29T00:00:00",
        "2024-02-05T00:00:00",
        "2024-02-12T00:00:00",
        "2024-02-19T00:00:00",
        "2024-02-26T00:00:00",
        "2024-03-04T00:00:00",
        "2024-03-11T00:00:00",
        "2024-03-18T00:00:00",
        "2024-03-25T00:00:00"
      ]
    },
    {
      "CostValues": [
        940.8000,
        921.6000,
        921.6000,
        921.6000,
        921.6000,
        921.6000,
        921.6000,
        921.6000,
        921.6000,
        921.6000,
        921.6000,
        921.6000,
        921.6000,
        12000.0000
      ],
      "CPMValues": [
        2.4000,
        2.4000,
        2.4000,
        2.4000,
        2.4000,
        2.4000,
        2.4000,
        2.4000,
        2.4000,
        2.4000,
        2.4000,
        2.4000,
        2.4000,
        2.4000
      ],
      "DaypartCode": null,
      "DistributionPercentages": [
        0.0196,
        0.0192,
        0.0192,
        0.0192,
        0.0192,
        0.0192,
        0.0192,
        0.0192,
        0.0192,
        0.0192,
        0.0192,
        0.0192,
        0.0192,
        0.25
      ],
      "HiatusDays": [
        [],
        [],
        [],
        [],
        [],
        [],
        [],
        [],
        [],
        [],
        [],
        [],
        []
      ],
      "HiatusDaysFormattedValues": [
        "",
        "",
        "",
        "",
        "",
        "",
        "",
        "",
        "",
        "",
        "",
        "",
        ""
      ],
      "ImpressionsValues": [
        392.0,
        384.0,
        384.0,
        384.0,
        384.0,
        384.0,
        384.0,
        384.0,
        384.0,
        384.0,
        384.0,
        384.0,
        384.0,
        5000.0
      ],
      "Months": [
        {
          "Item1": "January",
          "Item2": 4
        },
        {
          "Item1": "February",
          "Item2": 4
        },
        {
          "Item1": "March",
          "Item2": 5
        }
      ],
      "QuarterLabel": null,
      "TableTitle": "1Q '24 Summary",
      "TotalWeeksInQuarter": 13,
      "UnitsValues": [
        0.1568,
        0.1536,
        0.1536,
        0.1536,
        0.1536,
        0.1536,
        0.1536,
        0.1536,
        0.1536,
        0.1536,
        0.1536,
        0.1536,
        0.1536,
        2.0
      ],
      "WeeksStartDate": [
        "2024-01-01T00:00:00",
        "2024-01-08T00:00:00",
        "2024-01-15T00:00:00",
        "2024-01-22T00:00:00",
        "2024-01-29T00:00:00",
        "2024-02-05T00:00:00",
        "2024-02-12T00:00:00",
        "2024-02-19T00:00:00",
        "2024-02-26T00:00:00",
        "2024-03-04T00:00:00",
        "2024-03-11T00:00:00",
        "2024-03-18T00:00:00",
        "2024-03-25T00:00:00"
      ]
    }
  ],
  "GuaranteedDemo": [
    "A35-64"
  ],
  "HasSecondaryAudiences": false,
  "MarketCoverageData": {
    "BlackoutMarketsName": [],
    "CoveragePercentage": 80.0,
    "PreferentialMarketsName": []
  },
  "Notes": "All CPMs are derived from 100% broadcast deliveries, no cable unless otherwise noted.",
  "PostingType": "NTI",
  "ProposalCampaignTotalsTable": {
    "HasSecondaryAudiences": false,
    "QuarterLabel": "Campaign Totals",
    "Rows": [
      {
        "DaypartCode": "ENLN",
        "GuaranteedData": {
          "CPM": 2.4000,
          "CPP": 3232.2580645161290322580645161,
          "DaypartCode": null,
          "Impressions": 10000.0,
          "RatingPoints": 7.46176471,
          "SpotLengthLabel": null,
          "TotalImpressions": 16700.0,
          "TotalRatingPoints": 12.4,
          "VPVH": 0.649
        },
        "HHData": {
          "CPM": 1.557600000000002854045508982,
          "CPP": 1875.2923033804025895469073076,
          "DaypartCode": null,
          "Impressions": 15408.32049307,
          "RatingPoints": 12.79509956,
          "SpotLengthLabel": null,
          "TotalImpressions": 25731.89522342,
          "TotalRatingPoints": 21.3726681,
          "VPVH": 0.0
        },
        "SpotLengthLabel": "30",
        "TotalCost": 40080.0000,
        "Units": 6.68,
        "UnitsCost": 6000.00
      },
      {
        "DaypartCode": "EMN",
        "GuaranteedData": {
          "CPM": 2.4000,
          "CPP": 3046.1538461538461538461538462,
          "DaypartCode": null,
          "Impressions": 2500.0,
          "RatingPoints": 1.96969697,
          "SpotLengthLabel": null,
          "TotalImpressions": 1650.0,
          "TotalRatingPoints": 1.3,
          "VPVH": 0.678
        },
        "HHData": {
          "CPM": 1.6272000000000005325381818182,
          "CPP": 1961.7871885714331582551714962,
          "DaypartCode": null,
          "Impressions": 3687.31563422,
          "RatingPoints": 3.05843571,
          "SpotLengthLabel": null,
          "TotalImpressions": 2433.62831858,
          "TotalRatingPoints": 2.01856757,
          "VPVH": 0.0
        },
        "SpotLengthLabel": "30",
        "TotalCost": 3960.0000,
        "Units": 0.66,
        "UnitsCost": 6000.00
      },
      {
        "DaypartCode": "PMN",
        "GuaranteedData": {
          "CPM": 2.4000,
          "CPP": 3046.1538461538461538461538462,
          "DaypartCode": null,
          "Impressions": 2500.0,
          "RatingPoints": 1.96969697,
          "SpotLengthLabel": null,
          "TotalImpressions": 1650.0,
          "TotalRatingPoints": 1.3,
          "VPVH": 0.649
        },
        "HHData": {
          "CPM": 1.55760000000000134992,
          "CPP": 1877.8759371428589676169120046,
          "DaypartCode": null,
          "Impressions": 3852.08012327,
          "RatingPoints": 3.19509925,
          "SpotLengthLabel": null,
          "TotalImpressions": 2542.37288136,
          "TotalRatingPoints": 2.10876551,
          "VPVH": 0.0
        },
        "SpotLengthLabel": "30",
        "TotalCost": 3960.0000,
        "Units": 0.66,
        "UnitsCost": 6000.00
      }
    ],
    "SecondaryAudiencesTables": [],
    "TotalRow": {
      "DaypartCode": null,
      "GuaranteedData": {
        "CPM": 2.4000,
        "CPP": 3200.0000,
        "DaypartCode": null,
        "Impressions": 0.0,
        "RatingPoints": 0.0,
        "SpotLengthLabel": null,
        "TotalImpressions": 20000.0,
        "TotalRatingPoints": 15.0,
        "VPVH": 0.0
      },
      "HHData": {
        "CPM": 1.5631158623905177557209705487,
        "CPP": 1882.3528539575182281475253093,
        "DaypartCode": null,
        "Impressions": 0.0,
        "RatingPoints": 0.0,
        "SpotLengthLabel": null,
        "TotalImpressions": 30707.89642336,
        "TotalRatingPoints": 25.50000118,
        "VPVH": 0.0
      },
      "SpotLengthLabel": null,
      "TotalCost": 48000.0000,
      "Units": 8.0,
      "UnitsCost": 0.0
    }
  },
  "ProposalQuarterTables": [
    {
      "HasSecondaryAudiences": false,
      "QuarterLabel": "Q2 2020",
      "Rows": [
        {
          "DaypartCode": "ENLN",
          "GuaranteedData": {
            "CPM": 2.4000,
            "CPP": 3076.9230769230769230769230769,
            "DaypartCode": null,
            "Impressions": 2500.0,
            "RatingPoints": 1.95,
            "SpotLengthLabel": null,
            "TotalImpressions": 5000.0,
            "TotalRatingPoints": 3.9,
            "VPVH": 0.649
          },
          "HHData": {
            "CPM": 1.5575999999999995732176,
            "CPP": 1874.99994000000191999993856,
            "DaypartCode": null,
            "Impressions": 3852.08012327,
            "RatingPoints": 3.2000001,
            "SpotLengthLabel": null,
            "TotalImpressions": 7704.16024653,
            "TotalRatingPoints": 6.4000002,
            "VPVH": 0.0
          },
          "SpotLengthLabel": "30",
          "TotalCost": 12000.0000,
          "Units": 2.0,
          "UnitsCost": 6000.0000
        }
      ],
      "SecondaryAudiencesTables": [],
      "TotalRow": {
        "DaypartCode": null,
        "GuaranteedData": {
          "CPM": 2.4000,
          "CPP": 3076.9230769230769230769230769,
          "DaypartCode": null,
          "Impressions": 0.0,
          "RatingPoints": 0.0,
          "SpotLengthLabel": null,
          "TotalImpressions": 5000.0,
          "TotalRatingPoints": 3.9,
          "VPVH": 0.0
        },
        "HHData": {
          "CPM": 1.5575999999999995732176,
          "CPP": 1874.99994000000191999993856,
          "DaypartCode": null,
          "Impressions": 0.0,
          "RatingPoints": 0.0,
          "SpotLengthLabel": null,
          "TotalImpressions": 7704.16024653,
          "TotalRatingPoints": 6.4000002,
          "VPVH": 0.0
        },
        "SpotLengthLabel": null,
        "TotalCost": 12000.0000,
        "Units": 2.0,
        "UnitsCost": 0.0
      }
    },
    {
      "HasSecondaryAudiences": false,
      "QuarterLabel": "Q1 2021",
      "Rows": [
        {
          "DaypartCode": "EMN",
          "GuaranteedData": {
            "CPM": 2.4000,
            "CPP": 3046.1538461538461538461538462,
            "DaypartCode": null,
            "Impressions": 2500.0,
            "RatingPoints": 1.96969697,
            "SpotLengthLabel": null,
            "TotalImpressions": 1650.0,
            "TotalRatingPoints": 1.3,
            "VPVH": 0.678
          },
          "HHData": {
            "CPM": 1.6272000000000005325381818182,
            "CPP": 1961.7871885714331582551714962,
            "DaypartCode": null,
            "Impressions": 3687.31563422,
            "RatingPoints": 3.05843571,
            "SpotLengthLabel": null,
            "TotalImpressions": 2433.62831858,
            "TotalRatingPoints": 2.01856757,
            "VPVH": 0.0
          },
          "SpotLengthLabel": "30",
          "TotalCost": 3960.0000,
          "Units": 0.66,
          "UnitsCost": 6000.00
        },
        {
          "DaypartCode": "ENLN",
          "GuaranteedData": {
            "CPM": 2.4000,
            "CPP": 3138.4615384615384615384615385,
            "DaypartCode": null,
            "Impressions": 2500.0,
            "RatingPoints": 1.91176471,
            "SpotLengthLabel": null,
            "TotalImpressions": 1700.0,
            "TotalRatingPoints": 1.3,
            "VPVH": 0.649
          },
          "HHData": {
            "CPM": 1.5576000000000020706917647059,
            "CPP": 1877.875937142855300812656642,
            "DaypartCode": null,
            "Impressions": 3852.08012327,
            "RatingPoints": 3.19509925,
            "SpotLengthLabel": null,
            "TotalImpressions": 2619.41448382,
            "TotalRatingPoints": 2.17266749,
            "VPVH": 0.0
          },
          "SpotLengthLabel": "30",
          "TotalCost": 4080.0000,
          "Units": 0.68,
          "UnitsCost": 6000.00
        },
        {
          "DaypartCode": "PMN",
          "GuaranteedData": {
            "CPM": 2.4000,
            "CPP": 3046.1538461538461538461538462,
            "DaypartCode": null,
            "Impressions": 2500.0,
            "RatingPoints": 1.96969697,
            "SpotLengthLabel": null,
            "TotalImpressions": 1650.0,
            "TotalRatingPoints": 1.3,
            "VPVH": 0.649
          },
          "HHData": {
            "CPM": 1.55760000000000134992,
            "CPP": 1877.8759371428589676169120046,
            "DaypartCode": null,
            "Impressions": 3852.08012327,
            "RatingPoints": 3.19509925,
            "SpotLengthLabel": null,
            "TotalImpressions": 2542.37288136,
            "TotalRatingPoints": 2.10876551,
            "VPVH": 0.0
          },
          "SpotLengthLabel": "30",
          "TotalCost": 3960.0000,
          "Units": 0.66,
          "UnitsCost": 6000.00
        }
      ],
      "SecondaryAudiencesTables": [],
      "TotalRow": {
        "DaypartCode": null,
        "GuaranteedData": {
          "CPM": 2.4000,
          "CPP": 3076.9230769230769230769230769,
          "DaypartCode": null,
          "Impressions": 0.0,
          "RatingPoints": 0.0,
          "SpotLengthLabel": null,
          "TotalImpressions": 5000.0,
          "TotalRatingPoints": 3.9,
          "VPVH": 0.0
        },
        "HHData": {
          "CPM": 1.5799003635384421723495979874,
          "CPP": 1904.7617332897327455678026059,
          "DaypartCode": null,
          "Impressions": 0.0,
          "RatingPoints": 0.0,
          "SpotLengthLabel": null,
          "TotalImpressions": 7595.41568376,
          "TotalRatingPoints": 6.30000057,
          "VPVH": 0.0
        },
        "SpotLengthLabel": null,
        "TotalCost": 12000.0000,
        "Units": 2.0,
        "UnitsCost": 0.0
      }
    },
    {
      "HasSecondaryAudiences": false,
      "QuarterLabel": "Q4 2023",
      "Rows": [
        {
          "DaypartCode": "ENLN",
          "GuaranteedData": {
            "CPM": 2.4000,
            "CPP": 3636.3636363636363636363636364,
            "DaypartCode": null,
            "Impressions": 2500.0,
            "RatingPoints": 1.65,
            "SpotLengthLabel": null,
            "TotalImpressions": 5000.0,
            "TotalRatingPoints": 3.3,
            "VPVH": 0.649
          },
          "HHData": {
            "CPM": 1.5575999999999995732176,
            "CPP": 1874.99993999999899031262606,
            "DaypartCode": null,
            "Impressions": 3852.08012327,
            "RatingPoints": 3.2000001,
            "SpotLengthLabel": null,
            "TotalImpressions": 7704.16024653,
            "TotalRatingPoints": 6.4000002,
            "VPVH": 0.0
          },
          "SpotLengthLabel": "30",
          "TotalCost": 12000.0000,
          "Units": 2.0,
          "UnitsCost": 6000.0000
        }
      ],
      "SecondaryAudiencesTables": [],
      "TotalRow": {
        "DaypartCode": null,
        "GuaranteedData": {
          "CPM": 2.4000,
          "CPP": 3636.3636363636363636363636364,
          "DaypartCode": null,
          "Impressions": 0.0,
          "RatingPoints": 0.0,
          "SpotLengthLabel": null,
          "TotalImpressions": 5000.0,
          "TotalRatingPoints": 3.3,
          "VPVH": 0.0
        },
        "HHData": {
          "CPM": 1.5575999999999995732176,
          "CPP": 1874.99993999999899031262606,
          "DaypartCode": null,
          "Impressions": 0.0,
          "RatingPoints": 0.0,
          "SpotLengthLabel": null,
          "TotalImpressions": 7704.16024653,
          "TotalRatingPoints": 6.4000002,
          "VPVH": 0.0
        },
        "SpotLengthLabel": null,
        "TotalCost": 12000.0000,
        "Units": 2.0,
        "UnitsCost": 0.0
      }
    },
    {
      "HasSecondaryAudiences": false,
      "QuarterLabel": "Q1 2024",
      "Rows": [
        {
          "DaypartCode": "ENLN",
          "GuaranteedData": {
            "CPM": 2.4000,
            "CPP": 3076.9230769230769230769230769,
            "DaypartCode": null,
            "Impressions": 2500.0,
            "RatingPoints": 1.95,
            "SpotLengthLabel": null,
            "TotalImpressions": 5000.0,
            "TotalRatingPoints": 3.9,
            "VPVH": 0.649
          },
          "HHData": {
            "CPM": 1.5575999999999995732176,
            "CPP": 1874.99994000000191999993856,
            "DaypartCode": null,
            "Impressions": 3852.08012327,
            "RatingPoints": 3.2000001,
            "SpotLengthLabel": null,
            "TotalImpressions": 7704.16024653,
            "TotalRatingPoints": 6.4000002,
            "VPVH": 0.0
          },
          "SpotLengthLabel": "30",
          "TotalCost": 12000.0000,
          "Units": 2.0,
          "UnitsCost": 6000.0000
        }
      ],
      "SecondaryAudiencesTables": [],
      "TotalRow": {
        "DaypartCode": null,
        "GuaranteedData": {
          "CPM": 2.4000,
          "CPP": 3076.9230769230769230769230769,
          "DaypartCode": null,
          "Impressions": 0.0,
          "RatingPoints": 0.0,
          "SpotLengthLabel": null,
          "TotalImpressions": 5000.0,
          "TotalRatingPoints": 3.9,
          "VPVH": 0.0
        },
        "HHData": {
          "CPM": 1.5575999999999995732176,
          "CPP": 1874.99994000000191999993856,
          "DaypartCode": null,
          "Impressions": 0.0,
          "RatingPoints": 0.0,
          "SpotLengthLabel": null,
          "TotalImpressions": 7704.16024653,
          "TotalRatingPoints": 6.4000002,
          "VPVH": 0.0
        },
        "SpotLengthLabel": null,
        "TotalCost": 12000.0000,
        "Units": 2.0,
        "UnitsCost": 0.0
      }
    }
  ],
  "SpotLengths": [
    ":30"
  ],
  "Status": "Proposal"
}