{
  "AgencyName": "Stub Agency",
  "CampaignEndQuarter": "Q1 '20",
  "CampaignFlightEndDate": "01/26/20",
  "CampaignFlightStartDate": "07/31/19",
  "CampaignName": "Test Gorilla Glue",
  "CampaignStartQuarter": "Q3 '19",
  "ClientName": "Stub Advertiser",
  "GuaranteedDemo": "A18-34",
  "PostingType": "NTI",
  "SpotLengths": [
    ":10 eq.",
    ":30 eq.",
    ":45"
  ],
  "Status": "Order"
}