{
  "AccountExecutive": null,
  "AdvertiserId": null,
  "AdvertiserMasterId": "1806450a-e0a3-416d-b38d-913fb5cf3879",
  "AgencyId": null,
  "AgencyMasterId": "89ab30c5-23a7-41c1-9b7d-f5d9b41dbe8b",
  "Budget": null,
  "CampaignStatus": null,
  "ClientContact": null,
  "FlightActiveDays": null,
  "FlightEndDate": null,
  "FlightHiatusDays": null,
  "FlightStartDate": null,
  "HasHiatus": null,
  "HasPlans": false,
  "HHCPM": null,
  "HHImpressions": null,
  "HHRatingPoints": null,
  "MaxFluidityPercent": null,
  "ModifiedBy": "IntegrationTestUser",
  "ModifiedDate": "2019-05-14T00:00:00",
  "Name": "Test Campaign",
  "Notes": "Notes for CampaignOne.",
  "Plans": [],
  "PlanStatuses": null,
  "UnifiedCampaignLastReceivedAt": "0001-01-01T00:00:00",
  "UnifiedCampaignLastSentAt": "0001-01-01T00:00:00",
  "UnifiedId": "D6A7417C-429A-45C4-AFD9-BDA5AEFCCAE0",
  "ViewDetailsUrl": null
}