[
  {
    "Display": "Action",
    "Id": 1
  },
  {
    "Display": "Action/Adventure",
    "Id": 51
  },
  {
    "Display": "Adult",
    "Id": 2
  },
  {
    "Display": "Adventure",
    "Id": 3
  },
  {
    "Display": "Anthology",
    "Id": 4
  },
  {
    "Display": "Auction",
    "Id": 5
  },
  {
    "Display": "Awards",
    "Id": 6
  },
  {
    "Display": "Beauty & Fashion",
    "Id": 7
  },
  {
    "Display": "Business",
    "Id": 8
  },
  {
    "Display": "Children",
    "Id": 52
  },
  {
    "Display": "Comedy",
    "Id": 9
  },
  {
    "Display": "Competition",
    "Id": 10
  },
  {
    "Display": "Crime",
    "Id": 11
  },
  {
    "Display": "Do It Yourself",
    "Id": 13
  },
  {
    "Display": "Documentary",
    "Id": 12
  },
  {
    "Display": "Drama",
    "Id": 14
  },
  {
    "Display": "Educational",
    "Id": 53
  },
  {
    "Display": "Entertainment",
    "Id": 15
  },
  {
    "Display": "Family",
    "Id": 16
  },
  {
    "Display": "Fantasy",
    "Id": 17
  },
  {
    "Display": "Fitness & Exercise",
    "Id": 18
  },
  {
    "Display": "Food",
    "Id": 19
  },
  {
    "Display": "Game Show",
    "Id": 20
  },
  {
    "Display": "Health & Medicine",
    "Id": 21
  },
  {
    "Display": "History",
    "Id": 22
  },
  {
    "Display": "Holiday",
    "Id": 23
  },
  {
    "Display": "Home Shopping",
    "Id": 24
  },
  {
    "Display": "Horror",
    "Id": 25
  },
  {
    "Display": "Informational",
    "Id": 26
  },
  {
    "Display": "Inspirational",
    "Id": 27
  },
  {
    "Display": "Instructional",
    "Id": 50
  },
  {
    "Display": "Interview",
    "Id": 28
  },
  {
    "Display": "Investigative",
    "Id": 29
  },
  {
    "Display": "Lifestyle",
    "Id": 54
  },
  {
    "Display": "Music",
    "Id": 30
  },
  {
    "Display": "Musical",
    "Id": 31
  },
  {
    "Display": "Mystery",
    "Id": 32
  },
  {
    "Display": "Nature",
    "Id": 33
  },
  {
    "Display": "News",
    "Id": 34
  },
  {
    "Display": "Paid Program",
    "Id": 55
  },
  {
    "Display": "Parade",
    "Id": 35
  },
  {
    "Display": "Performance",
    "Id": 36
  },
  {
    "Display": "Politics",
    "Id": 37
  },
  {
    "Display": "Profile",
    "Id": 38
  },
  {
    "Display": "Reality",
    "Id": 39
  },
  {
    "Display": "Religious",
    "Id": 40
  },
  {
    "Display": "Romance",
    "Id": 41
  },
  {
    "Display": "Science & Technology",
    "Id": 43
  },
  {
    "Display": "Science Fiction",
    "Id": 42
  },
  {
    "Display": "Special",
    "Id": 56
  },
  {
    "Display": "Sports/Sports Talk",
    "Id": 44
  },
  {
    "Display": "Talk Show",
    "Id": 45
  },
  {
    "Display": "Telethon",
    "Id": 46
  },
  {
    "Display": "Thriller & Suspense",
    "Id": 47
  },
  {
    "Display": "Travel",
    "Id": 48
  },
  {
    "Display": "Western",
    "Id": 49
  }
]