[
  {
    "HasRatesAvailableForQuarter": false,
    "HouseholdImpressions": null,
    "InventoryPostingBooks": [],
    "InventorySourceId": 8,
    "InventorySourceName": "MLB",
    "IsUpdating": false,
    "LastUpdatedDate": null,
    "Quarter": {
      "Quarter": 1,
      "Year": 2019
    },
    "RatesAvailableFromQuarter": null,
    "RatesAvailableToQuarter": null,
    "TotalDaypartCodes": 0,
    "TotalMarkets": 0,
    "TotalStations": 0,
    "TotalUnits": 0
  }
]