[
  {
    "Code": "EMN",
    "FullName": "Early Morning News"
  },
  {
    "Code": "OVN",
    "FullName": "Overnights"
  }
]