{
  "EndDate": "2018-09-26T00:00:00",
  "InventorySource": {
    "Id": 1,
    "InventoryType": 1,
    "IsActive": true,
    "Name": "Open Market"
  },
  "InventorySourceId": 1,
  "MediaWeekIds": [
    769,
    770
  ],
  "RequestChunkSize": 10,
  "SaveChunkSize": 1000,
  "StartDate": "2018-09-20T00:00:00",
  "TotalApiCallCount": 0,
  "TotalExportLinesCount": 16,
  "TotalManifestCount": 8,
  "TotalProgramsSaved": 0,
  "TotalRequestCount": 0,
  "TotalResponseCount": 0,
  "TotalSavesCount": 0
}