{
  "AudienceId": 31,
  "AudienceType": 1,
  "AvailableMarkets": [
    {
      "IsUserShareOfVoicePercent": true,
      "Market": "Portland-Auburn",
      "MarketCode": 100,
      "MarketCoverageFileId": 1,
      "PercentageOfUS": 48.0,
      "Rank": 1,
      "ShareOfVoicePercent": 22.2
    },
    {
      "IsUserShareOfVoicePercent": true,
      "Market": "New York",
      "MarketCode": 101,
      "MarketCoverageFileId": 1,
      "PercentageOfUS": 32.5,
      "Rank": 2,
      "ShareOfVoicePercent": 34.5
    }
  ],
  "AvailableMarketsSovTotal": 56.7,
  "AvailableMarketsWithSovCount": null,
  "BlackoutMarketCount": null,
  "BlackoutMarkets": [
    {
      "Market": "Burlington-Plattsburgh",
      "MarketCode": 123,
      "MarketCoverageFileId": 1,
      "PercentageOfUS": 5.5,
      "Rank": 5
    },
    {
      "Market": "Amarillo",
      "MarketCode": 234,
      "MarketCoverageFileId": 1,
      "PercentageOfUS": 2.5,
      "Rank": 8
    }
  ],
  "BlackoutMarketTotalUsCoveragePercent": null,
  "Budget": 100.0000,
  "BuyingBudgetCpmLever": 1,
  "BuyingParameters": {
    "AdjustedBudget": 80.0000,
    "AdjustedCPM": 0.8000,
    "Budget": 100.0000,
    "BudgetCpmLever": 1,
    "CompetitionFactor": null,
    "CPM": 12.0000,
    "CPP": 12.0000,
    "Currency": 1,
    "DeliveryImpressions": 100.0,
    "DeliveryRatingPoints": 100.0,
    "InflationFactor": null,
    "Margin": 20.0,
    "MarketGroup": 4,
    "MaxCpm": null,
    "MinCpm": null,
    "PostingType": 2,
    "ProprietaryBlend": 0.0,
    "ProprietaryInventory": [],
    "UnitCaps": 1,
    "UnitCapsType": 1
  },
  "CampaignId": 1,
  "CampaignName": "Test Campaign 1",
  "CoverageGoalPercent": 80.5,
  "CreativeLengths": [
    {
      "SpotLengthId": 1,
      "Weight": 50
    },
    {
      "SpotLengthId": 2,
      "Weight": 50
    }
  ],
  "Currency": 1,
  "CustomDayparts": [],
  "Dayparts": [
    {
      "CustomName": null,
      "DaypartCodeId": 2,
      "DaypartOrganizationId": null,
      "DaypartOrganizationName": null,
      "DaypartTypeId": 2,
      "EndTimeSeconds": 2000,
      "IsEndTimeModified": true,
      "IsStartTimeModified": true,
      "Restrictions": {
        "AffiliateRestrictions": {
          "Affiliates": [
            {
              "Display": "FOX",
              "Id": 20
            }
          ],
          "ContainType": 2
        },
        "GenreRestrictions": {
          "ContainType": 1,
          "Genres": [
            {
              "Display": "Horror",
              "Id": 25
            }
          ]
        },
        "ProgramRestrictions": {
          "ContainType": 1,
          "Programs": [
            {
              "ContentRating": "PG-13",
              "Genre": {
                "Display": "Horror",
                "Id": 25
              },
              "Name": "Young Sheldon"
            },
            {
              "ContentRating": "PG-13",
              "Genre": {
                "Display": "Comedy",
                "Id": 9
              },
              "Name": "Young Sheldon"
            }
          ]
        },
        "ShowTypeRestrictions": {
          "ContainType": 2,
          "ShowTypes": [
            {
              "Display": "Mini-Movie",
              "Id": 1
            }
          ]
        }
      },
      "StartTimeSeconds": 0,
      "VpvhForAudiences": [
        {
          "AudienceId": 31,
          "StartingPoint": "2019-01-12T12:30:29",
          "Vpvh": 0.8,
          "VpvhType": 2
        }
      ],
      "WeekdaysWeighting": null,
      "WeekendWeighting": null,
      "WeightingGoalPercent": 28.0
    }
  ],
  "Equivalized": true,
  "FlightDays": [
    1,
    2,
    3,
    4,
    5,
    6,
    7
  ],
  "FlightEndDate": "2019-01-31T00:00:00",
  "FlightHiatusDays": [
    "2019-01-20T00:00:00",
    "2019-01-24T00:00:00"
  ],
  "FlightNotes": "Sample notes",
  "FlightNotesInternal": "Sample internal notes",
  "FlightStartDate": "2019-01-01T00:00:00",
  "GoalBreakdownType": 1,
  "HHCPM": 2.8571,
  "HHCPP": 0.0000,
  "HHImpressions": 35.0,
  "HHRatingPoints": 0.0,
  "HHUniverse": 120600000.0,
  "HUTBookId": 437,
  "ImpressionsPerUnit": 5.0,
  "IsAduEnabled": true,
  "IsBuyingModelRunning": false,
  "IsDraft": false,
  "IsOutOfSync": false,
  "IsPricingModelRunning": false,
  "ModifiedBy": "integration_test",
  "ModifiedDate": "2019-01-01T00:00:00",
  "Name": "New Plan",
  "PostingType": 2,
  "PricingBudgetCpmLever": 1,
  "PricingParameters": {
    "AdjustedBudget": 80.0000,
    "AdjustedCPM": 0.8000,
    "Budget": 100.0000,
    "BudgetCpmLever": 1,
    "CompetitionFactor": null,
    "CPM": 12.0000,
    "CPP": 12.0000,
    "Currency": 1,
    "DeliveryImpressions": 100.0,
    "DeliveryRatingPoints": 100.0,
    "InflationFactor": null,
    "IsSelected": false,
    "Margin": 20.0,
    "MarketGroup": 4,
    "MaxCpm": null,
    "MinCpm": null,
    "PostingType": 2,
    "ProprietaryBlend": 0.0,
    "ProprietaryInventory": [],
    "UnitCaps": 1,
    "UnitCapsType": 1
  },
  "ProductId": 1,
  "ProductMasterId": "6bef080e-01ed-4d42-be54-927110457907",
  "RawWeeklyBreakdownWeeks": [
    {
      "ActiveDays": "Tu-Su",
      "AduImpressions": 3.5,
      "DaypartCodeId": 2,
      "EndDate": "2019-01-06T00:00:00",
      "IsLocked": false,
      "IsUpdated": false,
      "MediaWeekId": 784,
      "NumberOfActiveDays": 6,
      "PercentageOfWeek": 14.0,
      "SpotLengthDuration": 30,
      "SpotLengthId": 1,
      "StartDate": "2018-12-31T00:00:00",
      "UnitImpressions": 700.0,
      "WeeklyAdu": 0,
      "WeeklyBudget": 2.8000,
      "WeeklyCpm": 0.001000,
      "WeeklyImpressions": 2800.0,
      "WeeklyImpressionsPercentage": 3.0,
      "WeeklyRatings": 2.8,
      "WeeklyUnits": 0.0,
      "WeekNumber": 1
    },
    {
      "ActiveDays": "Tu-Su",
      "AduImpressions": 3.5,
      "DaypartCodeId": 2,
      "EndDate": "2019-01-06T00:00:00",
      "IsLocked": false,
      "IsUpdated": false,
      "MediaWeekId": 784,
      "NumberOfActiveDays": 6,
      "PercentageOfWeek": 14.0,
      "SpotLengthDuration": 60,
      "SpotLengthId": 2,
      "StartDate": "2018-12-31T00:00:00",
      "UnitImpressions": 700.0,
      "WeeklyAdu": 0,
      "WeeklyBudget": 2.8000,
      "WeeklyCpm": 0.001000,
      "WeeklyImpressions": 2800.0,
      "WeeklyImpressionsPercentage": 3.0,
      "WeeklyRatings": 2.8,
      "WeeklyUnits": 0.0,
      "WeekNumber": 1
    },
    {
      "ActiveDays": "M-Su",
      "AduImpressions": 0.0,
      "DaypartCodeId": 2,
      "EndDate": "2019-01-13T00:00:00",
      "IsLocked": false,
      "IsUpdated": false,
      "MediaWeekId": 785,
      "NumberOfActiveDays": 7,
      "PercentageOfWeek": 14.0,
      "SpotLengthDuration": 30,
      "SpotLengthId": 1,
      "StartDate": "2019-01-07T00:00:00",
      "UnitImpressions": 700.0,
      "WeeklyAdu": 0,
      "WeeklyBudget": 2.8000,
      "WeeklyCpm": 0.001000,
      "WeeklyImpressions": 2800.0,
      "WeeklyImpressionsPercentage": 3.0,
      "WeeklyRatings": 2.8,
      "WeeklyUnits": 0.0,
      "WeekNumber": 2
    },
    {
      "ActiveDays": "M-Su",
      "AduImpressions": 0.0,
      "DaypartCodeId": 2,
      "EndDate": "2019-01-13T00:00:00",
      "IsLocked": false,
      "IsUpdated": false,
      "MediaWeekId": 785,
      "NumberOfActiveDays": 7,
      "PercentageOfWeek": 14.0,
      "SpotLengthDuration": 60,
      "SpotLengthId": 2,
      "StartDate": "2019-01-07T00:00:00",
      "UnitImpressions": 700.0,
      "WeeklyAdu": 0,
      "WeeklyBudget": 2.8000,
      "WeeklyCpm": 0.001000,
      "WeeklyImpressions": 2800.0,
      "WeeklyImpressionsPercentage": 3.0,
      "WeeklyRatings": 2.8,
      "WeeklyUnits": 0.0,
      "WeekNumber": 2
    },
    {
      "ActiveDays": "M-Sa",
      "AduImpressions": 0.0,
      "DaypartCodeId": 2,
      "EndDate": "2019-01-20T00:00:00",
      "IsLocked": false,
      "IsUpdated": false,
      "MediaWeekId": 786,
      "NumberOfActiveDays": 6,
      "PercentageOfWeek": 14.0,
      "SpotLengthDuration": 30,
      "SpotLengthId": 1,
      "StartDate": "2019-01-14T00:00:00",
      "UnitImpressions": 700.0,
      "WeeklyAdu": 0,
      "WeeklyBudget": 2.8000,
      "WeeklyCpm": 0.001000,
      "WeeklyImpressions": 2800.0,
      "WeeklyImpressionsPercentage": 3.0,
      "WeeklyRatings": 2.8,
      "WeeklyUnits": 0.0,
      "WeekNumber": 3
    },
    {
      "ActiveDays": "M-Sa",
      "AduImpressions": 0.0,
      "DaypartCodeId": 2,
      "EndDate": "2019-01-20T00:00:00",
      "IsLocked": false,
      "IsUpdated": false,
      "MediaWeekId": 786,
      "NumberOfActiveDays": 6,
      "PercentageOfWeek": 14.0,
      "SpotLengthDuration": 60,
      "SpotLengthId": 2,
      "StartDate": "2019-01-14T00:00:00",
      "UnitImpressions": 700.0,
      "WeeklyAdu": 0,
      "WeeklyBudget": 2.8000,
      "WeeklyCpm": 0.001000,
      "WeeklyImpressions": 2800.0,
      "WeeklyImpressionsPercentage": 3.0,
      "WeeklyRatings": 2.8,
      "WeeklyUnits": 0.0,
      "WeekNumber": 3
    },
    {
      "ActiveDays": "M-W,F-Su",
      "AduImpressions": 0.0,
      "DaypartCodeId": 2,
      "EndDate": "2019-01-27T00:00:00",
      "IsLocked": false,
      "IsUpdated": false,
      "MediaWeekId": 787,
      "NumberOfActiveDays": 6,
      "PercentageOfWeek": 14.0,
      "SpotLengthDuration": 30,
      "SpotLengthId": 1,
      "StartDate": "2019-01-21T00:00:00",
      "UnitImpressions": 700.0,
      "WeeklyAdu": 0,
      "WeeklyBudget": 2.8000,
      "WeeklyCpm": 0.001000,
      "WeeklyImpressions": 2800.0,
      "WeeklyImpressionsPercentage": 3.0,
      "WeeklyRatings": 2.8,
      "WeeklyUnits": 0.0,
      "WeekNumber": 4
    },
    {
      "ActiveDays": "M-W,F-Su",
      "AduImpressions": 0.0,
      "DaypartCodeId": 2,
      "EndDate": "2019-01-27T00:00:00",
      "IsLocked": false,
      "IsUpdated": false,
      "MediaWeekId": 787,
      "NumberOfActiveDays": 6,
      "PercentageOfWeek": 14.0,
      "SpotLengthDuration": 60,
      "SpotLengthId": 2,
      "StartDate": "2019-01-21T00:00:00",
      "UnitImpressions": 700.0,
      "WeeklyAdu": 0,
      "WeeklyBudget": 2.8000,
      "WeeklyCpm": 0.001000,
      "WeeklyImpressions": 2800.0,
      "WeeklyImpressionsPercentage": 3.0,
      "WeeklyRatings": 2.8,
      "WeeklyUnits": 0.0,
      "WeekNumber": 4
    },
    {
      "ActiveDays": "M-Th",
      "AduImpressions": 28.0,
      "DaypartCodeId": 2,
      "EndDate": "2019-02-03T00:00:00",
      "IsLocked": false,
      "IsUpdated": false,
      "MediaWeekId": 788,
      "NumberOfActiveDays": 4,
      "PercentageOfWeek": 14.0,
      "SpotLengthDuration": 30,
      "SpotLengthId": 1,
      "StartDate": "2019-01-28T00:00:00",
      "UnitImpressions": 700.0,
      "WeeklyAdu": 0,
      "WeeklyBudget": 2.8000,
      "WeeklyCpm": 0.001000,
      "WeeklyImpressions": 2800.0,
      "WeeklyImpressionsPercentage": 3.0,
      "WeeklyRatings": 2.8,
      "WeeklyUnits": 0.0,
      "WeekNumber": 5
    },
    {
      "ActiveDays": "M-Th",
      "AduImpressions": 28.0,
      "DaypartCodeId": 2,
      "EndDate": "2019-02-03T00:00:00",
      "IsLocked": false,
      "IsUpdated": false,
      "MediaWeekId": 788,
      "NumberOfActiveDays": 4,
      "PercentageOfWeek": 14.0,
      "SpotLengthDuration": 60,
      "SpotLengthId": 2,
      "StartDate": "2019-01-28T00:00:00",
      "UnitImpressions": 700.0,
      "WeeklyAdu": 0,
      "WeeklyBudget": 2.8000,
      "WeeklyCpm": 0.001000,
      "WeeklyImpressions": 2800.0,
      "WeeklyImpressionsPercentage": 3.0,
      "WeeklyRatings": 2.8,
      "WeeklyUnits": 0.0,
      "WeekNumber": 5
    }
  ],
  "SecondaryAudiences": [],
  "ShareBookId": 437,
  "SpotAllocationModelMode": 1,
  "Status": 1,
  "TargetCPM": 12.0000,
  "TargetCPP": 12.0000,
  "TargetImpressions": 100.0,
  "TargetRatingPoints": 100.0,
  "TargetUniverse": 111222.0,
  "TotalActiveDays": 29,
  "TotalHiatusDays": 2,
  "TotalShareOfVoice": 28.0,
  "VersionNumber": 1,
  "Vpvh": 2.85714286,
  "WeeklyBreakdownTotals": {
    "TotalActiveDays": 29,
    "TotalBudget": 28.000000,
    "TotalImpressions": 28.0,
    "TotalImpressionsPercentage": 28.0,
    "TotalRatingPoints": 100.0,
    "TotalUnits": 20.0
  },
  "WeeklyBreakdownWeeks": [
    {
      "ActiveDays": "Tu-Su",
      "AduImpressions": 0.0,
      "DaypartCodeId": null,
      "EndDate": "2019-01-06T00:00:00",
      "IsLocked": false,
      "IsUpdated": false,
      "MediaWeekId": 784,
      "NumberOfActiveDays": 6,
      "PercentageOfWeek": null,
      "SpotLengthDuration": null,
      "SpotLengthId": null,
      "StartDate": "2018-12-31T00:00:00",
      "UnitImpressions": 0.0,
      "WeeklyAdu": 1,
      "WeeklyBudget": 5.6000,
      "WeeklyCpm": 1.0000,
      "WeeklyImpressions": 5.6,
      "WeeklyImpressionsPercentage": 6.0,
      "WeeklyRatings": 5.6,
      "WeeklyUnits": 4.0,
      "WeekNumber": 1
    },
    {
      "ActiveDays": "M-Su",
      "AduImpressions": 0.0,
      "DaypartCodeId": null,
      "EndDate": "2019-01-13T00:00:00",
      "IsLocked": false,
      "IsUpdated": false,
      "MediaWeekId": 785,
      "NumberOfActiveDays": 7,
      "PercentageOfWeek": null,
      "SpotLengthDuration": null,
      "SpotLengthId": null,
      "StartDate": "2019-01-07T00:00:00",
      "UnitImpressions": 0.0,
      "WeeklyAdu": 0,
      "WeeklyBudget": 5.6000,
      "WeeklyCpm": 1.0000,
      "WeeklyImpressions": 5.6,
      "WeeklyImpressionsPercentage": 6.0,
      "WeeklyRatings": 5.6,
      "WeeklyUnits": 4.0,
      "WeekNumber": 2
    },
    {
      "ActiveDays": "M-Sa",
      "AduImpressions": 0.0,
      "DaypartCodeId": null,
      "EndDate": "2019-01-20T00:00:00",
      "IsLocked": false,
      "IsUpdated": false,
      "MediaWeekId": 786,
      "NumberOfActiveDays": 6,
      "PercentageOfWeek": null,
      "SpotLengthDuration": null,
      "SpotLengthId": null,
      "StartDate": "2019-01-14T00:00:00",
      "UnitImpressions": 0.0,
      "WeeklyAdu": 0,
      "WeeklyBudget": 5.6000,
      "WeeklyCpm": 1.0000,
      "WeeklyImpressions": 5.6,
      "WeeklyImpressionsPercentage": 6.0,
      "WeeklyRatings": 5.6,
      "WeeklyUnits": 4.0,
      "WeekNumber": 3
    },
    {
      "ActiveDays": "M-W,F-Su",
      "AduImpressions": 0.0,
      "DaypartCodeId": null,
      "EndDate": "2019-01-27T00:00:00",
      "IsLocked": false,
      "IsUpdated": false,
      "MediaWeekId": 787,
      "NumberOfActiveDays": 6,
      "PercentageOfWeek": null,
      "SpotLengthDuration": null,
      "SpotLengthId": null,
      "StartDate": "2019-01-21T00:00:00",
      "UnitImpressions": 0.0,
      "WeeklyAdu": 0,
      "WeeklyBudget": 5.6000,
      "WeeklyCpm": 1.0000,
      "WeeklyImpressions": 5.6,
      "WeeklyImpressionsPercentage": 6.0,
      "WeeklyRatings": 5.6,
      "WeeklyUnits": 4.0,
      "WeekNumber": 4
    },
    {
      "ActiveDays": "M-Th",
      "AduImpressions": 0.0,
      "DaypartCodeId": null,
      "EndDate": "2019-02-03T00:00:00",
      "IsLocked": false,
      "IsUpdated": false,
      "MediaWeekId": 788,
      "NumberOfActiveDays": 4,
      "PercentageOfWeek": null,
      "SpotLengthDuration": null,
      "SpotLengthId": null,
      "StartDate": "2019-01-28T00:00:00",
      "UnitImpressions": 0.0,
      "WeeklyAdu": 8,
      "WeeklyBudget": 5.6000,
      "WeeklyCpm": 1.0000,
      "WeeklyImpressions": 5.6,
      "WeeklyImpressionsPercentage": 6.0,
      "WeeklyRatings": 5.6,
      "WeeklyUnits": 4.0,
      "WeekNumber": 5
    }
  ]
}