{
  "MarketDetails": [
    {
      "Budget": 5375.0,
      "Cpm": 16.888641014261082679716742100,
      "Impressions": 318.26125,
      "ImpressionsPercentage": 99.10011249,
      "MarketCode": 0,
      "MarketCoveragePercent": 10.0,
      "MarketName": "New York",
      "Rank": 1,
      "ShareOfVoiceGoalPercentage": 34.5,
      "Spots": 15,
      "Stations": 1
    },
    {
      "Budget": 185.0,
      "Cpm": 64.013840830449826989619377200,
      "Impressions": 2.89,
      "ImpressionsPercentage": 0.89988751,
      "MarketCode": 0,
      "MarketCoveragePercent": 0.328,
      "MarketName": "Portland-Auburn",
      "Rank": 79,
      "ShareOfVoiceGoalPercentage": 22.2,
      "Spots": 15,
      "Stations": 1
    }
  ],
  "PlanVersionId": 0,
  "PostingType": 2,
  "PricingJobId": null,
  "Totals": {
    "Budget": 5560.0,
    "CoveragePercent": 10.328,
    "Cpm": 17.3127148033831,
    "Impressions": 321.15125,
    "Markets": 2,
    "Spots": 30,
    "Stations": 2
  }
}