[
  {
    "Display": "Feb 2017",
    "Id": 425
  },
  {
    "Display": "Nov 2016",
    "Id": 422
  },
  {
    "Display": "Jul 2016",
    "Id": 418
  },
  {
    "Display": "May 2016",
    "Id": 416
  },
  {
    "Display": "Feb 2016",
    "Id": 413
  },
  {
    "Display": "Jul 2015",
    "Id": 406
  },
  {
    "Display": "May 2015",
    "Id": 404
  },
  {
    "Display": "Feb 2015",
    "Id": 401
  }
]