{
  "AdjustmentInflation": null,
  "AdjustmentMargin": null,
  "AdjustmentRate": null,
  "AllMarkets": [],
  "BudgetGoal": null,
  "DisplayFilter": {
    "Affiliations": [],
    "Genres": [],
    "Markets": [],
    "ProgramNames": []
  },
  "Filter": {},
  "ImpressionGoal": null,
  "InventorySourceEnum": {
    "0": "Blank",
    "1": "OpenMarket",
    "2": "Assembly",
    "3": "TVB",
    "4": "TTNW",
    "5": "CNN",
    "6": "Sinclair"
  },
  "Markets": [],
  "OpenMarketPricing": {
    "CpmMax": null,
    "CpmMin": null,
    "OpenMarketCpmTarget": null,
    "UnitCapPerStation": null
  },
  "OpenMarketShare": 0.0,
  "OpenMarketTotals": null,
  "PricingTotals": null,
  "ProprietaryPricing": null,
  "ProprietaryTotals": null
}