{
  "AdjustmentInflation": null,
  "AdjustmentMargin": null,
  "AdjustmentRate": null,
  "AllMarkets": [
    {
      "AvgCpm": 0.0,
      "Coverage": 1.01,
      "Id": 160,
      "MaxCpm": 0.0,
      "MinCpm": 0.0,
      "Name": "Raleigh-Durham (Fayetvlle)",
      "Programs": 2,
      "Selected": true,
      "Stations": 1
    }
  ],
  "BudgetGoal": 10000.0,
  "DisplayFilter": {
    "Affiliations": [
      "PBS"
    ],
    "Genres": [
      {
        "Display": "Adventure",
        "Id": 3
      },
      {
        "Display": "Comedy",
        "Id": 9
      }
    ],
    "Markets": [
      {
        "Display": "Raleigh-Durham (Fayetvlle)",
        "Id": 160
      }
    ],
    "ProgramNames": [
      "Adventure Time",
      "Friends"
    ]
  },
  "DistributionId": 0,
  "Filter": {},
  "ImpressionGoal": null,
  "InventorySourceEnum": {
    "0": "Blank",
    "1": "OpenMarket",
    "2": "Assembly",
    "3": "TVB",
    "4": "TTNW",
    "5": "CNN",
    "6": "Sinclair"
  },
  "Markets": [
    {
      "AvgCpm": 1.8342378060247007219741218686,
      "DisplayImpressions": 2955069.47916667,
      "DisplayStationImpressions": 0.0,
      "MarketCoverage": 1.01,
      "MarketId": 160,
      "MarketName": "Raleigh-Durham (Fayetvlle)",
      "MarketRank": 25,
      "MaxCpm": 2.8224718149728601694541515914,
      "MinCpm": 0.8460037970765412744940921458,
      "Stations": [
        {
          "Affiliation": "PBS",
          "CallLetters": "WUNC-TV 4.1",
          "LegacyCallLetters": "WUNC",
          "MinProgramsBlendedCpm": 0.8460037970765412744940921458,
          "Programs": [
            {
              "BlendedCpm": 0.8460037970765412744940921458,
              "Cost": 2500.0000,
              "CostPerSpot": 25.0000,
              "Daypart": {
                "Display": "M-SU 9AM-12AM",
                "Id": 5
              },
              "DisplayCost": 2500.0000,
              "DisplayImpressions": 2955069.47916667,
              "DisplayStationImpressions": 0.0,
              "EffectiveImpressionsPerSpot": 29550.69479167,
              "Genres": [
                {
                  "Display": "Adventure",
                  "Id": 3
                }
              ],
              "HasImpressions": true,
              "Impressions": 2955069.47916667,
              "ImpressionsPerSpot": 29550.69479167,
              "ManifestDaypartId": 213351,
              "ProgramId": 162236,
              "ProgramName": "Adventure Time",
              "Spots": 100,
              "StationImpressionsPerSpot": 0.0
            },
            {
              "BlendedCpm": 2.8224718149728601694541515914,
              "Cost": 0.0000,
              "CostPerSpot": 25.0000,
              "Daypart": {
                "Display": "M-F 6AM-6PM",
                "Id": 12
              },
              "DisplayCost": 25.0000,
              "DisplayImpressions": 8857.484375,
              "DisplayStationImpressions": 0.0,
              "EffectiveImpressionsPerSpot": 8857.484375,
              "Genres": [
                {
                  "Display": "Comedy",
                  "Id": 9
                }
              ],
              "HasImpressions": true,
              "Impressions": 0.0,
              "ImpressionsPerSpot": 8857.484375,
              "ManifestDaypartId": 213352,
              "ProgramId": 162237,
              "ProgramName": "Friends",
              "Spots": 0,
              "StationImpressionsPerSpot": 0.0
            }
          ],
          "StationCode": 5316
        }
      ],
      "TotalCost": 2500.0000,
      "TotalImpressions": 2955069.47916667,
      "TotalSpots": 100
    }
  ],
  "OpenMarketPricing": {
    "CpmMax": null,
    "CpmMin": null,
    "OpenMarketCpmTarget": null,
    "UnitCapPerStation": 100
  },
  "OpenMarketShare": 0.5,
  "OpenMarketTotals": {
    "Cost": 2500.0000,
    "Coverage": 1.01,
    "Cpm": 0.8460038,
    "Impressions": 2955069.47916667
  },
  "PricingTotals": {
    "Cost": 21304.987594697,
    "Coverage": 1.01,
    "Cpm": 3.17224167,
    "Impressions": 6716066.99810606
  },
  "ProposalDetailId": 9982,
  "ProposalId": 0,
  "ProposalVersionId": 0,
  "ProprietaryPricing": [
    {
      "Cpm": 5.0,
      "ImpressionsBalance": 0.11,
      "InventorySource": 0
    },
    {
      "Cpm": 5.0,
      "ImpressionsBalance": 0.13,
      "InventorySource": 0
    },
    {
      "Cpm": 5.0,
      "ImpressionsBalance": 0.15,
      "InventorySource": 0
    },
    {
      "Cpm": 5.0,
      "ImpressionsBalance": 0.17,
      "InventorySource": 0
    }
  ],
  "ProprietaryTotals": {
    "Cost": 18804.987594697,
    "Cpm": 5.0,
    "Impressions": 3760997.5189394
  }
}