{
  "CreatedBy": "IntegrationTestUser",
  "DataLines": [],
  "FileName": "ProprietaryDataFiles\\Diginet_ValidFile1.xlsx",
  "FileStatus": 2,
  "Hash": "98-7E-58-C8-CC-12-04-D0-F8-61-7E-DD-D5-C7-6A-E0-FD-8E-1F-4C",
  "Header": {
    "Audience": null,
    "ContractedDaypartId": null,
    "Cpm": null,
    "DaypartCode": null,
    "EffectiveDate": "2018-10-10T00:00:00",
    "EndDate": "2018-10-17T00:00:00",
    "HutBookId": null,
    "NtiToNsiIncrease": 25.1230000000,
    "PlaybackType": null,
    "ShareBookId": null,
    "SpotLengthId": null
  },
  "InventoryGroups": [],
  "InventoryManifests": [],
  "InventorySource": {
    "InventoryType": 5,
    "IsActive": true,
    "Name": "COZI"
  },
  "RowsProcessed": 0,
  "UniqueIdentifier": null,
  "ValidationProblems": []
}