{
  "CreatedBy": "integration test",
  "DataLines": [],
  "FileName": "ProprietaryDataFiles\\Barter_BadFormats2.xlsx",
  "FileStatus": 1,
  "Hash": "CA-DD-52-15-DB-67-C0-10-C8-3E-67-D0-73-6C-B1-CF-56-13-D8-96",
  "Header": {
    "Audience": {
      "_CategoryCode": 0,
      "_Code": "A25-54",
      "_Custom": true,
      "_Id": 37,
      "_Name": "Adults 25-54",
      "_RangeEnd": 54,
      "_RangeStart": 25,
      "_SubCategoryCode": "A",
      "IsDirty": true
    },
    "Cpm": null,
    "DaypartCode": "EMN",
    "EffectiveDate": "2018-01-31T00:00:00",
    "EndDate": "2019-03-31T00:00:00",
    "HutBookId": null,
    "NtiToNsiIncrease": null,
    "PlaybackType": null,
    "ShareBookId": 425,
    "SpotLengthId": null
  },
  "InventoryGroups": [],
  "InventoryManifests": [],
  "InventorySource": null,
  "RowsProcessed": null,
  "UniqueIdentifier": null,
  "ValidationProblems": [
    "CPM is not in the correct format (##.##)",
    "Invalid contracted daypart (M-SU 4:00AM - 10:00 AM)",
    "HUT Book must be prior to the Share book",
    "Invalid playback type (LIVE+31)"
  ]
}