[
  {
    "Airtime": "M-W,F-SU 9AM-12AM",
    "AudienceId": 36,
    "Audiences": [
      {
        "Audience": {
          "AudienceString": "Adults 25-49",
          "Id": 36
        },
        "Cpm120": null,
        "Cpm15": null,
        "Cpm30": 10.2000,
        "Cpm60": null,
        "Cpm90": null,
        "Impressions": 0.0,
        "Rating": null
      },
      {
        "Audience": {
          "AudienceString": "Adults 25-54",
          "Id": 37
        },
        "Cpm120": null,
        "Cpm15": null,
        "Cpm30": 7.1500,
        "Cpm60": null,
        "Cpm90": null,
        "Impressions": 0.0,
        "Rating": null
      },
      {
        "Audience": {
          "AudienceString": "Adults 35-64",
          "Id": 40
        },
        "Cpm120": null,
        "Cpm15": null,
        "Cpm30": 5.0400,
        "Cpm60": null,
        "Cpm90": null,
        "Impressions": 0.0,
        "Rating": null
      },
      {
        "Audience": {
          "AudienceString": "Adults 25-64",
          "Id": 257
        },
        "Cpm120": null,
        "Cpm15": null,
        "Cpm30": 4.5500,
        "Cpm60": null,
        "Cpm90": null,
        "Impressions": 0.0,
        "Rating": null
      }
    ],
    "Flight": "2016/10/31 - 2016/11/06",
    "FlightEndDate": "2016-11-06T00:00:00",
    "Flights": [
      {
        "EndDate": "2016-11-06T00:00:00",
        "IsHiatus": false,
        "StartDate": "2016-10-31T00:00:00"
      }
    ],
    "FlightStartDate": "2016-10-31T00:00:00",
    "Genres": [],
    "Impressions": 0.0,
    "Program": "Integration Test",
    "Rate15": null,
    "Rate30": null,
    "Rating": null,
    "Spots": 3
  },
  {
    "Airtime": "M-F 3PM-9PM",
    "AudienceId": 36,
    "Audiences": [
      {
        "Audience": {
          "AudienceString": "Adults 25-49",
          "Id": 36
        },
        "Cpm120": null,
        "Cpm15": null,
        "Cpm30": 11.2000,
        "Cpm60": null,
        "Cpm90": null,
        "Impressions": 0.0,
        "Rating": null
      },
      {
        "Audience": {
          "AudienceString": "Adults 25-54",
          "Id": 37
        },
        "Cpm120": null,
        "Cpm15": null,
        "Cpm30": 8.1500,
        "Cpm60": null,
        "Cpm90": null,
        "Impressions": 0.0,
        "Rating": null
      },
      {
        "Audience": {
          "AudienceString": "Adults 35-64",
          "Id": 40
        },
        "Cpm120": null,
        "Cpm15": null,
        "Cpm30": 9.0400,
        "Cpm60": null,
        "Cpm90": null,
        "Impressions": 0.0,
        "Rating": null
      },
      {
        "Audience": {
          "AudienceString": "Adults 25-64",
          "Id": 257
        },
        "Cpm120": null,
        "Cpm15": null,
        "Cpm30": 10.5500,
        "Cpm60": null,
        "Cpm90": null,
        "Impressions": 0.0,
        "Rating": null
      }
    ],
    "Flight": "2016/10/31 - 2016/11/06",
    "FlightEndDate": "2016-11-06T00:00:00",
    "Flights": [
      {
        "EndDate": "2016-11-06T00:00:00",
        "IsHiatus": false,
        "StartDate": "2016-10-31T00:00:00"
      }
    ],
    "FlightStartDate": "2016-10-31T00:00:00",
    "Genres": [],
    "Impressions": 0.0,
    "Program": "Integration Test",
    "Rate15": null,
    "Rate30": null,
    "Rating": null,
    "Spots": 3
  }
]