{
  "End": "2020-03-25T00:00:00",
  "Start": "2020-03-01T00:00:00"
}