{
  "inventory": [],
  "passedParameters": {
    "programs": [],
    "request": {
      "PlaybackType": 4,
      "ShareProjectionBookId": 201,
      "HutProjectionBookId": 202,
      "Equivalized": true,
      "SpotLengthId": 5,
      "PostType": 1
    },
    "audienceId": 25,
    "isProprietary": false
  }
}