[
  [
    "OriginalProgramName0",
    "OfficialProgramName0",
    "OfficialShowType0",
    "TestUser",
    "2020-10-20T07:31:26"
  ],
  [
    "OriginalProgramName1",
    "OfficialProgramName1",
    "OfficialShowType1",
    "TestUser",
    "2020-10-20T07:31:26"
  ],
  [
    "OriginalProgramName2",
    "OfficialProgramName2",
    "OfficialShowType2",
    "TestUser",
    "2020-10-20T07:31:26"
  ],
  [
    "OriginalProgramName3",
    "OfficialProgramName3",
    "OfficialShowType3",
    "TestUser",
    "2020-10-20T07:31:26"
  ],
  [
    "OriginalProgramName4",
    "OfficialProgramName4",
    "OfficialShowType4",
    "TestUser",
    "2020-10-20T07:31:26"
  ],
  [
    "OriginalProgramName5",
    "OfficialProgramName5",
    "OfficialShowType5",
    "TestUser",
    "2020-10-20T07:31:26"
  ],
  [
    "OriginalProgramName6",
    "OfficialProgramName6",
    "OfficialShowType6",
    "TestUser",
    "2020-10-20T07:31:26"
  ],
  [
    "OriginalProgramName7",
    "OfficialProgramName7",
    "OfficialShowType7",
    "TestUser",
    "2020-10-20T07:31:26"
  ],
  [
    "OriginalProgramName8",
    "OfficialProgramName8",
    "OfficialShowType8",
    "TestUser",
    "2020-10-20T07:31:26"
  ],
  [
    "OriginalProgramName9",
    "OfficialProgramName9",
    "OfficialShowType9",
    "TestUser",
    "2020-10-20T07:31:26"
  ]
]