{
  "RawWeeklyBreakdownWeeks": [
    {
      "ActiveDays": "M-Su",
      "AduImpressions": 0.0,
      "CustomName": null,
      "DaypartCodeId": 0,
      "DaypartOrganizationId": null,
      "DaypartOrganizationName": null,
      "DaypartUniquekey": "0||",
      "EndDate": "2020-03-01T00:00:00",
      "IsLocked": false,
      "IsUpdated": false,
      "MediaWeekId": 844,
      "NumberOfActiveDays": 7,
      "PercentageOfWeek": 0.0,
      "PlanDaypartId": 0,
      "SpotLengthDuration": 30,
      "SpotLengthId": 1,
      "StartDate": "2020-02-24T00:00:00",
      "UnitImpressions": 0.0,
      "WeeklyAdu": 0,
      "WeeklyBudget": 0.0,
      "WeeklyCpm": 0.0,
      "WeeklyImpressions": 0.0,
      "WeeklyImpressionsPercentage": 0.0,
      "WeeklyRatings": 0.0,
      "WeeklyUnits": 0.0,
      "WeekNumber": 1
    },
    {
      "ActiveDays": "M-Su",
      "AduImpressions": 0.0,
      "CustomName": null,
      "DaypartCodeId": 0,
      "DaypartOrganizationId": null,
      "DaypartOrganizationName": null,
      "DaypartUniquekey": "0||",
      "EndDate": "2020-03-08T00:00:00",
      "IsLocked": false,
      "IsUpdated": false,
      "MediaWeekId": 845,
      "NumberOfActiveDays": 7,
      "PercentageOfWeek": 0.0,
      "PlanDaypartId": 0,
      "SpotLengthDuration": 30,
      "SpotLengthId": 1,
      "StartDate": "2020-03-02T00:00:00",
      "UnitImpressions": 0.0,
      "WeeklyAdu": 0,
      "WeeklyBudget": 0.0,
      "WeeklyCpm": 0.0,
      "WeeklyImpressions": 0.0,
      "WeeklyImpressionsPercentage": 0.0,
      "WeeklyRatings": 0.0,
      "WeeklyUnits": 0.0,
      "WeekNumber": 2
    },
    {
      "ActiveDays": "M-Su",
      "AduImpressions": 0.0,
      "CustomName": null,
      "DaypartCodeId": 0,
      "DaypartOrganizationId": null,
      "DaypartOrganizationName": null,
      "DaypartUniquekey": "0||",
      "EndDate": "2020-03-22T00:00:00",
      "IsLocked": false,
      "IsUpdated": false,
      "MediaWeekId": 847,
      "NumberOfActiveDays": 7,
      "PercentageOfWeek": 0.0,
      "PlanDaypartId": 0,
      "SpotLengthDuration": 30,
      "SpotLengthId": 1,
      "StartDate": "2020-03-16T00:00:00",
      "UnitImpressions": 0.0,
      "WeeklyAdu": 0,
      "WeeklyBudget": 0.0,
      "WeeklyCpm": 0.0,
      "WeeklyImpressions": 0.0,
      "WeeklyImpressionsPercentage": 0.0,
      "WeeklyRatings": 0.0,
      "WeeklyUnits": 0.0,
      "WeekNumber": 4
    },
    {
      "ActiveDays": "M-Su",
      "AduImpressions": 0.0,
      "CustomName": null,
      "DaypartCodeId": 0,
      "DaypartOrganizationId": null,
      "DaypartOrganizationName": null,
      "DaypartUniquekey": "0||",
      "EndDate": "2020-03-29T00:00:00",
      "IsLocked": false,
      "IsUpdated": false,
      "MediaWeekId": 848,
      "NumberOfActiveDays": 7,
      "PercentageOfWeek": 0.0,
      "PlanDaypartId": 0,
      "SpotLengthDuration": 30,
      "SpotLengthId": 1,
      "StartDate": "2020-03-23T00:00:00",
      "UnitImpressions": 0.0,
      "WeeklyAdu": 0,
      "WeeklyBudget": 0.0,
      "WeeklyCpm": 0.0,
      "WeeklyImpressions": 0.0,
      "WeeklyImpressionsPercentage": 0.0,
      "WeeklyRatings": 0.0,
      "WeeklyUnits": 0.0,
      "WeekNumber": 6
    }
  ],
  "TotalActiveDays": 28,
  "TotalBudget": 0.0,
  "TotalImpressions": 0.0,
  "TotalImpressionsPercentage": 0.0,
  "TotalRatingPoints": 0.0,
  "TotalShareOfVoice": 0.0,
  "TotalUnits": 0.0,
  "Weeks": [
    {
      "ActiveDays": "M-Su",
      "AduImpressions": 0.0,
      "CustomName": null,
      "DaypartCodeId": null,
      "DaypartOrganizationId": null,
      "DaypartOrganizationName": null,
      "DaypartUniquekey": "||",
      "EndDate": "2020-03-01T00:00:00",
      "IsLocked": false,
      "IsUpdated": false,
      "MediaWeekId": 844,
      "NumberOfActiveDays": 7,
      "PercentageOfWeek": null,
      "PlanDaypartId": 0,
      "SpotLengthDuration": null,
      "SpotLengthId": null,
      "StartDate": "2020-02-24T00:00:00",
      "UnitImpressions": 0.0,
      "WeeklyAdu": 0,
      "WeeklyBudget": 0.0,
      "WeeklyCpm": 0.0,
      "WeeklyImpressions": 0.0,
      "WeeklyImpressionsPercentage": 0.0,
      "WeeklyRatings": 0.0,
      "WeeklyUnits": 0.0,
      "WeekNumber": 1
    },
    {
      "ActiveDays": "M-Su",
      "AduImpressions": 0.0,
      "CustomName": null,
      "DaypartCodeId": null,
      "DaypartOrganizationId": null,
      "DaypartOrganizationName": null,
      "DaypartUniquekey": "||",
      "EndDate": "2020-03-08T00:00:00",
      "IsLocked": false,
      "IsUpdated": false,
      "MediaWeekId": 845,
      "NumberOfActiveDays": 7,
      "PercentageOfWeek": null,
      "PlanDaypartId": 0,
      "SpotLengthDuration": null,
      "SpotLengthId": null,
      "StartDate": "2020-03-02T00:00:00",
      "UnitImpressions": 0.0,
      "WeeklyAdu": 0,
      "WeeklyBudget": 0.0,
      "WeeklyCpm": 0.0,
      "WeeklyImpressions": 0.0,
      "WeeklyImpressionsPercentage": 0.0,
      "WeeklyRatings": 0.0,
      "WeeklyUnits": 0.0,
      "WeekNumber": 2
    },
    {
      "ActiveDays": "M-Su",
      "AduImpressions": 0.0,
      "CustomName": null,
      "DaypartCodeId": null,
      "DaypartOrganizationId": null,
      "DaypartOrganizationName": null,
      "DaypartUniquekey": "||",
      "EndDate": "2020-03-22T00:00:00",
      "IsLocked": false,
      "IsUpdated": false,
      "MediaWeekId": 847,
      "NumberOfActiveDays": 7,
      "PercentageOfWeek": null,
      "PlanDaypartId": 0,
      "SpotLengthDuration": null,
      "SpotLengthId": null,
      "StartDate": "2020-03-16T00:00:00",
      "UnitImpressions": 0.0,
      "WeeklyAdu": 0,
      "WeeklyBudget": 0.0,
      "WeeklyCpm": 0.0,
      "WeeklyImpressions": 0.0,
      "WeeklyImpressionsPercentage": 0.0,
      "WeeklyRatings": 0.0,
      "WeeklyUnits": 0.0,
      "WeekNumber": 4
    },
    {
      "ActiveDays": "M-Su",
      "AduImpressions": 0.0,
      "CustomName": null,
      "DaypartCodeId": null,
      "DaypartOrganizationId": null,
      "DaypartOrganizationName": null,
      "DaypartUniquekey": "||",
      "EndDate": "2020-03-29T00:00:00",
      "IsLocked": false,
      "IsUpdated": false,
      "MediaWeekId": 848,
      "NumberOfActiveDays": 7,
      "PercentageOfWeek": null,
      "PlanDaypartId": 0,
      "SpotLengthDuration": null,
      "SpotLengthId": null,
      "StartDate": "2020-03-23T00:00:00",
      "UnitImpressions": 0.0,
      "WeeklyAdu": 0,
      "WeeklyBudget": 0.0,
      "WeeklyCpm": 0.0,
      "WeeklyImpressions": 0.0,
      "WeeklyImpressionsPercentage": 0.0,
      "WeeklyRatings": 0.0,
      "WeeklyUnits": 0.0,
      "WeekNumber": 6
    }
  ]
}