{
  "DefaultQuarter": {
    "EndDate": "2021-01-04T00:00:00",
    "Quarter": 4,
    "StartDate": "2022-01-04T00:00:00",
    "Year": 2022
  },
  "Quarters": null
}