{
  "CreatedBy": null,
  "CreatedDate": "0001-01-01T00:00:00",
  "DataLines": [],
  "EffectiveDate": null,
  "EndDate": null,
  "FileName": "Barter_CNN_InvalidDaypart.xlsx",
  "FileStatus": 0,
  "Hash": null,
  "Header": {
    "Audience": {
      "_CategoryCode": 0,
      "_Code": null,
      "_Custom": false,
      "_Id": 31,
      "_Name": "Households",
      "_RangeEnd": null,
      "_RangeStart": null,
      "_SubCategoryCode": null,
      "IsDirty": true
    },
    "ContractedDaypartId": 1,
    "Cpm": 8.6,
    "DaypartCode": null,
    "EffectiveDate": "2018-01-01T00:00:00",
    "EndDate": "2018-03-20T00:00:00",
    "HutBookId": null,
    "NtiToNsiIncrease": null,
    "PlaybackType": 1,
    "ShareBookId": null,
    "SpotLengthId": null
  },
  "Id": 0,
  "InventoryGroups": [],
  "InventoryManifests": [],
  "InventorySource": {
    "Id": 1,
    "InventoryType": 5,
    "IsActive": true,
    "Name": "CNN"
  },
  "RowsProcessed": null,
  "UniqueIdentifier": null,
  "ValidationProblems": [
    "Not acceptable daypart code is specified",
    "Share book (2/1/808) is not in the correct format (MMM yy, MMM-yy, MMM/yy, yy-MMM, yy/MMM, MMM yyyy)",
    "Hut book (11/1/808) is not in the correct format (MMM yy, MMM-yy, MMM/yy, yy-MMM, yy/MMM, MMM yyyy)"
  ]
}