{
  "Active": [
    {
      "AdvertiserName": "Advertiser With Id ='3a9c5c03-3ce7-4652-955a-a6ea8cbc82fb'",
      "AffectedSpotsCount": 2,
      "AudienceName": "Men 50-64",
      "FlightString": "12/01 - 12/09/2019 (2 Weeks)",
      "Impressions": 0.0,
      "PlanId": 215,
      "PlanName": "3Q' 21 Reckitt HYHO Early Morning Upfront",
      "SpotLengthString": ":45",
      "SyncedTimestamp": null
    }
  ],
  "Completed": [
    {
      "AdvertiserName": "Advertiser With Id ='3a9c5c03-3ce7-4652-955a-a6ea8cbc82fb'",
      "AffectedSpotsCount": 1,
      "AudienceName": "Men 50-64",
      "FlightString": "07/02 - 08/02/2018 (6 Weeks)",
      "Impressions": 0.0,
      "PlanId": 218,
      "PlanName": "2Q' 21 Reynolds Foil TDN and SYN Upfront",
      "SpotLengthString": ":45",
      "SyncedTimestamp": null
    },
    {
      "AdvertiserName": "Advertiser With Id ='3a9c5c03-3ce7-4652-955a-a6ea8cbc82fb'",
      "AffectedSpotsCount": 1,
      "AudienceName": "Men 50-64",
      "FlightString": "07/02 - 08/02/2018 (6 Weeks)",
      "Impressions": 0.0,
      "PlanId": 218,
      "PlanName": "2Q' 21 Reynolds Foil TDN and SYN Upfront",
      "SpotLengthString": ":45",
      "SyncedTimestamp": null
    }
  ]
}